Archive member included because of file (symbol)

d:/cources/embeded system diploma m.t/downloads interfacing 1/bin/../lib/gcc/avr/4.3.3/avr5\libgcc.a(_udivmodsi4.o)
                              ./twi.o (__udivmodsi4)
d:/cources/embeded system diploma m.t/downloads interfacing 1/bin/../lib/gcc/avr/4.3.3/avr5\libgcc.a(_exit.o)
                              d:/cources/embeded system diploma m.t/downloads interfacing 1/bin/../lib/gcc/avr/4.3.3/../../../../avr/lib/avr5/crtm32.o (exit)
d:/cources/embeded system diploma m.t/downloads interfacing 1/bin/../lib/gcc/avr/4.3.3/avr5\libgcc.a(_copy_data.o)
                              ./control_ecu.o (__do_copy_data)
d:/cources/embeded system diploma m.t/downloads interfacing 1/bin/../lib/gcc/avr/4.3.3/avr5\libgcc.a(_clear_bss.o)
                              ./control_ecu.o (__do_clear_bss)
d:/cources/embeded system diploma m.t/downloads interfacing 1/bin/../lib/gcc/avr/4.3.3/avr5\libgcc.a(_fixunssfsi.o)
                              ./control_ecu.o (__fixunssfsi)
d:/cources/embeded system diploma m.t/downloads interfacing 1/bin/../lib/gcc/avr/4.3.3/avr5\libgcc.a(_addsub_sf.o)
                              d:/cources/embeded system diploma m.t/downloads interfacing 1/bin/../lib/gcc/avr/4.3.3/avr5\libgcc.a(_fixunssfsi.o) (__subsf3)
d:/cources/embeded system diploma m.t/downloads interfacing 1/bin/../lib/gcc/avr/4.3.3/avr5\libgcc.a(_mul_sf.o)
                              ./control_ecu.o (__mulsf3)
d:/cources/embeded system diploma m.t/downloads interfacing 1/bin/../lib/gcc/avr/4.3.3/avr5\libgcc.a(_gt_sf.o)
                              ./control_ecu.o (__gtsf2)
d:/cources/embeded system diploma m.t/downloads interfacing 1/bin/../lib/gcc/avr/4.3.3/avr5\libgcc.a(_ge_sf.o)
                              d:/cources/embeded system diploma m.t/downloads interfacing 1/bin/../lib/gcc/avr/4.3.3/avr5\libgcc.a(_fixunssfsi.o) (__gesf2)
d:/cources/embeded system diploma m.t/downloads interfacing 1/bin/../lib/gcc/avr/4.3.3/avr5\libgcc.a(_lt_sf.o)
                              ./control_ecu.o (__ltsf2)
d:/cources/embeded system diploma m.t/downloads interfacing 1/bin/../lib/gcc/avr/4.3.3/avr5\libgcc.a(_si_to_sf.o)
                              ./pwm.o (__floatsisf)
d:/cources/embeded system diploma m.t/downloads interfacing 1/bin/../lib/gcc/avr/4.3.3/avr5\libgcc.a(_sf_to_si.o)
                              ./twi.o (__fixsfsi)
d:/cources/embeded system diploma m.t/downloads interfacing 1/bin/../lib/gcc/avr/4.3.3/avr5\libgcc.a(_thenan_sf.o)
                              d:/cources/embeded system diploma m.t/downloads interfacing 1/bin/../lib/gcc/avr/4.3.3/avr5\libgcc.a(_addsub_sf.o) (__thenan_sf)
d:/cources/embeded system diploma m.t/downloads interfacing 1/bin/../lib/gcc/avr/4.3.3/avr5\libgcc.a(_usi_to_sf.o)
                              ./twi.o (__floatunsisf)
d:/cources/embeded system diploma m.t/downloads interfacing 1/bin/../lib/gcc/avr/4.3.3/avr5\libgcc.a(_prologue.o)
                              d:/cources/embeded system diploma m.t/downloads interfacing 1/bin/../lib/gcc/avr/4.3.3/avr5\libgcc.a(_addsub_sf.o) (__prologue_saves__)
d:/cources/embeded system diploma m.t/downloads interfacing 1/bin/../lib/gcc/avr/4.3.3/avr5\libgcc.a(_epilogue.o)
                              d:/cources/embeded system diploma m.t/downloads interfacing 1/bin/../lib/gcc/avr/4.3.3/avr5\libgcc.a(_addsub_sf.o) (__epilogue_restores__)
d:/cources/embeded system diploma m.t/downloads interfacing 1/bin/../lib/gcc/avr/4.3.3/avr5\libgcc.a(_clzsi2.o)
                              d:/cources/embeded system diploma m.t/downloads interfacing 1/bin/../lib/gcc/avr/4.3.3/avr5\libgcc.a(_si_to_sf.o) (__clzsi2)
d:/cources/embeded system diploma m.t/downloads interfacing 1/bin/../lib/gcc/avr/4.3.3/avr5\libgcc.a(_pack_sf.o)
                              d:/cources/embeded system diploma m.t/downloads interfacing 1/bin/../lib/gcc/avr/4.3.3/avr5\libgcc.a(_addsub_sf.o) (__pack_f)
d:/cources/embeded system diploma m.t/downloads interfacing 1/bin/../lib/gcc/avr/4.3.3/avr5\libgcc.a(_unpack_sf.o)
                              d:/cources/embeded system diploma m.t/downloads interfacing 1/bin/../lib/gcc/avr/4.3.3/avr5\libgcc.a(_addsub_sf.o) (__unpack_f)
d:/cources/embeded system diploma m.t/downloads interfacing 1/bin/../lib/gcc/avr/4.3.3/avr5\libgcc.a(_fpcmp_parts_sf.o)
                              d:/cources/embeded system diploma m.t/downloads interfacing 1/bin/../lib/gcc/avr/4.3.3/avr5\libgcc.a(_gt_sf.o) (__fpcmp_parts_f)
d:/cources/embeded system diploma m.t/downloads interfacing 1/bin/../lib/gcc/avr/4.3.3/avr5\libgcc.a(_clz.o)
                              d:/cources/embeded system diploma m.t/downloads interfacing 1/bin/../lib/gcc/avr/4.3.3/avr5\libgcc.a(_clzsi2.o) (__clz_tab)

Allocating common symbols
Common symbol       size              file

g_matchingCheck     0x1               ./control_ecu.o
g_seconds           0x1               ./control_ecu.o

Memory Configuration

Name             Origin             Length             Attributes
text             0x00000000         0x00020000         xr
data             0x00800060         0x0000ffa0         rw !x
eeprom           0x00810000         0x00010000         rw !x
fuse             0x00820000         0x00000400         rw !x
lock             0x00830000         0x00000400         rw !x
signature        0x00840000         0x00000400         rw !x
*default*        0x00000000         0xffffffff

Linker script and memory map

LOAD d:/cources/embeded system diploma m.t/downloads interfacing 1/bin/../lib/gcc/avr/4.3.3/../../../../avr/lib/avr5/crtm32.o
LOAD ./buzzer.o
LOAD ./control_ecu.o
LOAD ./dc_motor.o
LOAD ./external_eeprom.o
LOAD ./m_gpio.o
LOAD ./pwm.o
LOAD ./timer1.o
LOAD ./twi.o
LOAD ./uart_m.o
LOAD d:/cources/embeded system diploma m.t/downloads interfacing 1/bin/../lib/gcc/avr/4.3.3/avr5\libgcc.a
LOAD d:/cources/embeded system diploma m.t/downloads interfacing 1/bin/../lib/gcc/avr/4.3.3/../../../../avr/lib/avr5\libc.a
LOAD d:/cources/embeded system diploma m.t/downloads interfacing 1/bin/../lib/gcc/avr/4.3.3/avr5\libgcc.a

.hash
 *(.hash)

.dynsym
 *(.dynsym)

.dynstr
 *(.dynstr)

.gnu.version
 *(.gnu.version)

.gnu.version_d
 *(.gnu.version_d)

.gnu.version_r
 *(.gnu.version_r)

.rel.init
 *(.rel.init)

.rela.init
 *(.rela.init)

.rel.text
 *(.rel.text)
 *(.rel.text.*)
 *(.rel.gnu.linkonce.t*)

.rela.text
 *(.rela.text)
 *(.rela.text.*)
 *(.rela.gnu.linkonce.t*)

.rel.fini
 *(.rel.fini)

.rela.fini
 *(.rela.fini)

.rel.rodata
 *(.rel.rodata)
 *(.rel.rodata.*)
 *(.rel.gnu.linkonce.r*)

.rela.rodata
 *(.rela.rodata)
 *(.rela.rodata.*)
 *(.rela.gnu.linkonce.r*)

.rel.data
 *(.rel.data)
 *(.rel.data.*)
 *(.rel.gnu.linkonce.d*)

.rela.data
 *(.rela.data)
 *(.rela.data.*)
 *(.rela.gnu.linkonce.d*)

.rel.ctors
 *(.rel.ctors)

.rela.ctors
 *(.rela.ctors)

.rel.dtors
 *(.rel.dtors)

.rela.dtors
 *(.rela.dtors)

.rel.got
 *(.rel.got)

.rela.got
 *(.rela.got)

.rel.bss
 *(.rel.bss)

.rela.bss
 *(.rela.bss)

.rel.plt
 *(.rel.plt)

.rela.plt
 *(.rela.plt)

.text           0x00000000     0x28ee
 *(.vectors)
 .vectors       0x00000000       0x54 d:/cources/embeded system diploma m.t/downloads interfacing 1/bin/../lib/gcc/avr/4.3.3/../../../../avr/lib/avr5/crtm32.o
                0x00000000                __vectors
                0x00000000                __vector_default
 *(.vectors)
 *(.progmem.gcc*)
 *(.progmem*)
                0x00000054                . = ALIGN (0x2)
                0x00000054                __trampolines_start = .
 *(.trampolines)
 .trampolines   0x00000054        0x0 linker stubs
 *(.trampolines*)
                0x00000054                __trampolines_end = .
 *(.jumptables)
 *(.jumptables*)
 *(.lowtext)
 *(.lowtext*)
                0x00000054                __ctors_start = .
 *(.ctors)
                0x00000054                __ctors_end = .
                0x00000054                __dtors_start = .
 *(.dtors)
                0x00000054                __dtors_end = .
 SORT(*)(.ctors)
 SORT(*)(.dtors)
 *(.init0)
 .init0         0x00000054        0x0 d:/cources/embeded system diploma m.t/downloads interfacing 1/bin/../lib/gcc/avr/4.3.3/../../../../avr/lib/avr5/crtm32.o
                0x00000054                __init
 *(.init0)
 *(.init1)
 *(.init1)
 *(.init2)
 .init2         0x00000054        0xc d:/cources/embeded system diploma m.t/downloads interfacing 1/bin/../lib/gcc/avr/4.3.3/../../../../avr/lib/avr5/crtm32.o
 *(.init2)
 *(.init3)
 *(.init3)
 *(.init4)
 .init4         0x00000060       0x16 d:/cources/embeded system diploma m.t/downloads interfacing 1/bin/../lib/gcc/avr/4.3.3/avr5\libgcc.a(_copy_data.o)
                0x00000060                __do_copy_data
 .init4         0x00000076       0x10 d:/cources/embeded system diploma m.t/downloads interfacing 1/bin/../lib/gcc/avr/4.3.3/avr5\libgcc.a(_clear_bss.o)
                0x00000076                __do_clear_bss
 *(.init4)
 *(.init5)
 *(.init5)
 *(.init6)
 *(.init6)
 *(.init7)
 *(.init7)
 *(.init8)
 *(.init8)
 *(.init9)
 .init9         0x00000086        0x8 d:/cources/embeded system diploma m.t/downloads interfacing 1/bin/../lib/gcc/avr/4.3.3/../../../../avr/lib/avr5/crtm32.o
 *(.init9)
 *(.text)
 .text          0x0000008e        0x4 d:/cources/embeded system diploma m.t/downloads interfacing 1/bin/../lib/gcc/avr/4.3.3/../../../../avr/lib/avr5/crtm32.o
                0x0000008e                __vector_1
                0x0000008e                __vector_12
                0x0000008e                __bad_interrupt
                0x0000008e                __vector_6
                0x0000008e                __vector_3
                0x0000008e                __vector_11
                0x0000008e                __vector_13
                0x0000008e                __vector_17
                0x0000008e                __vector_19
                0x0000008e                __vector_5
                0x0000008e                __vector_4
                0x0000008e                __vector_2
                0x0000008e                __vector_15
                0x0000008e                __vector_14
                0x0000008e                __vector_10
                0x0000008e                __vector_16
                0x0000008e                __vector_18
                0x0000008e                __vector_20
 .text          0x00000092        0x0 ./buzzer.o
 .text          0x00000092        0x0 ./control_ecu.o
 .text          0x00000092        0x0 ./dc_motor.o
 .text          0x00000092        0x0 ./external_eeprom.o
 .text          0x00000092        0x0 ./m_gpio.o
 .text          0x00000092        0x0 ./pwm.o
 .text          0x00000092        0x0 ./timer1.o
 .text          0x00000092        0x0 ./twi.o
 .text          0x00000092        0x0 ./uart_m.o
 .text          0x00000092        0x0 d:/cources/embeded system diploma m.t/downloads interfacing 1/bin/../lib/gcc/avr/4.3.3/avr5\libgcc.a(_udivmodsi4.o)
 .text          0x00000092        0x0 d:/cources/embeded system diploma m.t/downloads interfacing 1/bin/../lib/gcc/avr/4.3.3/avr5\libgcc.a(_exit.o)
 .text          0x00000092        0x0 d:/cources/embeded system diploma m.t/downloads interfacing 1/bin/../lib/gcc/avr/4.3.3/avr5\libgcc.a(_copy_data.o)
 .text          0x00000092        0x0 d:/cources/embeded system diploma m.t/downloads interfacing 1/bin/../lib/gcc/avr/4.3.3/avr5\libgcc.a(_clear_bss.o)
 .text          0x00000092       0x58 d:/cources/embeded system diploma m.t/downloads interfacing 1/bin/../lib/gcc/avr/4.3.3/avr5\libgcc.a(_fixunssfsi.o)
                0x00000092                __fixunssfsi
 .text          0x000000ea      0x354 d:/cources/embeded system diploma m.t/downloads interfacing 1/bin/../lib/gcc/avr/4.3.3/avr5\libgcc.a(_addsub_sf.o)
                0x00000382                __subsf3
                0x000003e4                __addsf3
 .text          0x0000043e      0x1f4 d:/cources/embeded system diploma m.t/downloads interfacing 1/bin/../lib/gcc/avr/4.3.3/avr5\libgcc.a(_mul_sf.o)
                0x0000043e                __mulsf3
 .text          0x00000632       0x60 d:/cources/embeded system diploma m.t/downloads interfacing 1/bin/../lib/gcc/avr/4.3.3/avr5\libgcc.a(_gt_sf.o)
                0x00000632                __gtsf2
 .text          0x00000692       0x60 d:/cources/embeded system diploma m.t/downloads interfacing 1/bin/../lib/gcc/avr/4.3.3/avr5\libgcc.a(_ge_sf.o)
                0x00000692                __gesf2
 .text          0x000006f2       0x60 d:/cources/embeded system diploma m.t/downloads interfacing 1/bin/../lib/gcc/avr/4.3.3/avr5\libgcc.a(_lt_sf.o)
                0x000006f2                __ltsf2
 .text          0x00000752       0xbc d:/cources/embeded system diploma m.t/downloads interfacing 1/bin/../lib/gcc/avr/4.3.3/avr5\libgcc.a(_si_to_sf.o)
                0x00000752                __floatsisf
 .text          0x0000080e       0xa8 d:/cources/embeded system diploma m.t/downloads interfacing 1/bin/../lib/gcc/avr/4.3.3/avr5\libgcc.a(_sf_to_si.o)
                0x0000080e                __fixsfsi
 .text          0x000008b6        0x0 d:/cources/embeded system diploma m.t/downloads interfacing 1/bin/../lib/gcc/avr/4.3.3/avr5\libgcc.a(_thenan_sf.o)
 .text          0x000008b6       0xf2 d:/cources/embeded system diploma m.t/downloads interfacing 1/bin/../lib/gcc/avr/4.3.3/avr5\libgcc.a(_usi_to_sf.o)
                0x000008b6                __floatunsisf
 .text          0x000009a8        0x0 d:/cources/embeded system diploma m.t/downloads interfacing 1/bin/../lib/gcc/avr/4.3.3/avr5\libgcc.a(_prologue.o)
 .text          0x000009a8        0x0 d:/cources/embeded system diploma m.t/downloads interfacing 1/bin/../lib/gcc/avr/4.3.3/avr5\libgcc.a(_epilogue.o)
 .text          0x000009a8       0x9e d:/cources/embeded system diploma m.t/downloads interfacing 1/bin/../lib/gcc/avr/4.3.3/avr5\libgcc.a(_clzsi2.o)
                0x000009a8                __clzsi2
 .text          0x00000a46      0x1aa d:/cources/embeded system diploma m.t/downloads interfacing 1/bin/../lib/gcc/avr/4.3.3/avr5\libgcc.a(_pack_sf.o)
                0x00000a46                __pack_f
 .text          0x00000bf0       0xf0 d:/cources/embeded system diploma m.t/downloads interfacing 1/bin/../lib/gcc/avr/4.3.3/avr5\libgcc.a(_unpack_sf.o)
                0x00000bf0                __unpack_f
 .text          0x00000ce0       0xb2 d:/cources/embeded system diploma m.t/downloads interfacing 1/bin/../lib/gcc/avr/4.3.3/avr5\libgcc.a(_fpcmp_parts_sf.o)
                0x00000ce0                __fpcmp_parts_f
 .text          0x00000d92        0x0 d:/cources/embeded system diploma m.t/downloads interfacing 1/bin/../lib/gcc/avr/4.3.3/avr5\libgcc.a(_clz.o)
                0x00000d92                . = ALIGN (0x2)
 *(.text.*)
 .text.Buzzer_init
                0x00000d92       0x22 ./buzzer.o
                0x00000d92                Buzzer_init
 .text.Buzzer_ON
                0x00000db4       0x18 ./buzzer.o
                0x00000db4                Buzzer_ON
 .text.Buzzer_OFF
                0x00000dcc       0x18 ./buzzer.o
                0x00000dcc                Buzzer_OFF
 .text.main     0x00000de4      0x10c ./control_ecu.o
                0x00000de4                main
 .text.setpassoward
                0x00000ef0       0x8e ./control_ecu.o
                0x00000ef0                setpassoward
 .text.recieve_passoward
                0x00000f7e       0x74 ./control_ecu.o
                0x00000f7e                recieve_passoward
 .text.compare_passoward
                0x00000ff2       0x78 ./control_ecu.o
                0x00000ff2                compare_passoward
 .text.writePasswordToEeprom
                0x0000106a      0x17c ./control_ecu.o
                0x0000106a                writePasswordToEeprom
 .text.readPasswordFromEeprom
                0x000011e6       0x80 ./control_ecu.o
                0x000011e6                readPasswordFromEeprom
 .text.changePassword
                0x00001266       0xd0 ./control_ecu.o
                0x00001266                changePassword
 .text.openDoor
                0x00001336      0x130 ./control_ecu.o
                0x00001336                openDoor
 .text.periodCallBack
                0x00001466       0x18 ./control_ecu.o
                0x00001466                periodCallBack
 .text.DcMotor_Init
                0x0000147e       0x2c ./dc_motor.o
                0x0000147e                DcMotor_Init
 .text.DcMotor_Rotate
                0x000014aa       0x9c ./dc_motor.o
                0x000014aa                DcMotor_Rotate
 .text.EEPROM_init
                0x00001546       0x66 ./external_eeprom.o
                0x00001546                EEPROM_init
 .text.EEPROM_writeByte
                0x000015ac       0x82 ./external_eeprom.o
                0x000015ac                EEPROM_writeByte
 .text.EEPROM_readByte
                0x0000162e       0xc0 ./external_eeprom.o
                0x0000162e                EEPROM_readByte
 .text.GPIO_setupPinDirection
                0x000016ee      0x1f4 ./m_gpio.o
                0x000016ee                GPIO_setupPinDirection
 .text.GPIO_writePin
                0x000018e2      0x1f4 ./m_gpio.o
                0x000018e2                GPIO_writePin
 .text.GPIO_readPin
                0x00001ad6      0x136 ./m_gpio.o
                0x00001ad6                GPIO_readPin
 .text.GPIO_setupPortDirection
                0x00001c0c       0x88 ./m_gpio.o
                0x00001c0c                GPIO_setupPortDirection
 .text.GPIO_writePort
                0x00001c94       0x88 ./m_gpio.o
                0x00001c94                GPIO_writePort
 .text.GPIO_readPort
                0x00001d1c       0x8e ./m_gpio.o
                0x00001d1c                GPIO_readPort
 .text.Timer0_PWM_Init
                0x00001daa       0x7c ./pwm.o
                0x00001daa                Timer0_PWM_Init
 .text.__vector_9
                0x00001e26       0x66 ./timer1.o
                0x00001e26                __vector_9
 .text.__vector_7
                0x00001e8c       0x66 ./timer1.o
                0x00001e8c                __vector_7
 .text.__vector_8
                0x00001ef2       0x66 ./timer1.o
                0x00001ef2                __vector_8
 .text.TIMER1_init
                0x00001f58      0x388 ./timer1.o
                0x00001f58                TIMER1_init
 .text.TIMER1_setCallBack
                0x000022e0       0x5c ./timer1.o
                0x000022e0                TIMER1_setCallBack
 .text.TIMER1_deInit
                0x0000233c       0x44 ./timer1.o
                0x0000233c                TIMER1_deInit
 .text.TIMER1_startCount
                0x00002380       0x2a ./timer1.o
                0x00002380                TIMER1_startCount
 .text.TIMER1_stopCount
                0x000023aa       0x1c ./timer1.o
                0x000023aa                TIMER1_stopCount
 .text.TIMER1_changeDutyCyle
                0x000023c6       0x7e ./timer1.o
                0x000023c6                TIMER1_changeDutyCyle
 .text.TWI_init
                0x00002444       0xce ./twi.o
                0x00002444                TWI_init
 .text.TWI_start
                0x00002512       0x20 ./twi.o
                0x00002512                TWI_start
 .text.TWI_stop
                0x00002532       0x16 ./twi.o
                0x00002532                TWI_stop
 .text.TWI_writeByte
                0x00002548       0x2e ./twi.o
                0x00002548                TWI_writeByte
 .text.TWI_readByteWithACK
                0x00002576       0x26 ./twi.o
                0x00002576                TWI_readByteWithACK
 .text.TWI_readByteWithNACK
                0x0000259c       0x26 ./twi.o
                0x0000259c                TWI_readByteWithNACK
 .text.TWI_getStatus
                0x000025c2       0x1e ./twi.o
                0x000025c2                TWI_getStatus
 .text.UART_init
                0x000025e0      0x134 ./uart_m.o
                0x000025e0                UART_init
 .text.UART_sendByte
                0x00002714       0x2e ./uart_m.o
                0x00002714                UART_sendByte
 .text.UART_recieveByte
                0x00002742       0x1e ./uart_m.o
                0x00002742                UART_recieveByte
 .text.UART_sendString
                0x00002760       0x52 ./uart_m.o
                0x00002760                UART_sendString
 .text.UART_recieveString
                0x000027b2       0x86 ./uart_m.o
                0x000027b2                UART_recieveString
 .text.libgcc   0x00002838       0x44 d:/cources/embeded system diploma m.t/downloads interfacing 1/bin/../lib/gcc/avr/4.3.3/avr5\libgcc.a(_udivmodsi4.o)
                0x00002838                __udivmodsi4
 .text.libgcc   0x0000287c        0x0 d:/cources/embeded system diploma m.t/downloads interfacing 1/bin/../lib/gcc/avr/4.3.3/avr5\libgcc.a(_exit.o)
 .text.libgcc   0x0000287c        0x0 d:/cources/embeded system diploma m.t/downloads interfacing 1/bin/../lib/gcc/avr/4.3.3/avr5\libgcc.a(_copy_data.o)
 .text.libgcc   0x0000287c        0x0 d:/cources/embeded system diploma m.t/downloads interfacing 1/bin/../lib/gcc/avr/4.3.3/avr5\libgcc.a(_clear_bss.o)
 .text.libgcc   0x0000287c       0x38 d:/cources/embeded system diploma m.t/downloads interfacing 1/bin/../lib/gcc/avr/4.3.3/avr5\libgcc.a(_prologue.o)
                0x0000287c                __prologue_saves__
 .text.libgcc   0x000028b4       0x36 d:/cources/embeded system diploma m.t/downloads interfacing 1/bin/../lib/gcc/avr/4.3.3/avr5\libgcc.a(_epilogue.o)
                0x000028b4                __epilogue_restores__
                0x000028ea                . = ALIGN (0x2)
 *(.fini9)
 .fini9         0x000028ea        0x0 d:/cources/embeded system diploma m.t/downloads interfacing 1/bin/../lib/gcc/avr/4.3.3/avr5\libgcc.a(_exit.o)
                0x000028ea                exit
                0x000028ea                _exit
 *(.fini9)
 *(.fini8)
 *(.fini8)
 *(.fini7)
 *(.fini7)
 *(.fini6)
 *(.fini6)
 *(.fini5)
 *(.fini5)
 *(.fini4)
 *(.fini4)
 *(.fini3)
 *(.fini3)
 *(.fini2)
 *(.fini2)
 *(.fini1)
 *(.fini1)
 *(.fini0)
 .fini0         0x000028ea        0x4 d:/cources/embeded system diploma m.t/downloads interfacing 1/bin/../lib/gcc/avr/4.3.3/avr5\libgcc.a(_exit.o)
 *(.fini0)
                0x000028ee                _etext = .

.data           0x00800060      0x114 load address 0x000028ee
                0x00800060                PROVIDE (__data_start, .)
 *(.data)
 .data          0x00800060        0x0 d:/cources/embeded system diploma m.t/downloads interfacing 1/bin/../lib/gcc/avr/4.3.3/../../../../avr/lib/avr5/crtm32.o
 .data          0x00800060        0x0 ./buzzer.o
 .data          0x00800060        0x0 ./control_ecu.o
 .data          0x00800060        0x0 ./dc_motor.o
 .data          0x00800060        0x0 ./external_eeprom.o
 .data          0x00800060        0x0 ./m_gpio.o
 .data          0x00800060        0x0 ./pwm.o
 .data          0x00800060        0x0 ./timer1.o
 .data          0x00800060        0x0 ./twi.o
 .data          0x00800060        0x0 ./uart_m.o
 .data          0x00800060        0x0 d:/cources/embeded system diploma m.t/downloads interfacing 1/bin/../lib/gcc/avr/4.3.3/avr5\libgcc.a(_udivmodsi4.o)
 .data          0x00800060        0x0 d:/cources/embeded system diploma m.t/downloads interfacing 1/bin/../lib/gcc/avr/4.3.3/avr5\libgcc.a(_exit.o)
 .data          0x00800060        0x0 d:/cources/embeded system diploma m.t/downloads interfacing 1/bin/../lib/gcc/avr/4.3.3/avr5\libgcc.a(_copy_data.o)
 .data          0x00800060        0x0 d:/cources/embeded system diploma m.t/downloads interfacing 1/bin/../lib/gcc/avr/4.3.3/avr5\libgcc.a(_clear_bss.o)
 .data          0x00800060        0x0 d:/cources/embeded system diploma m.t/downloads interfacing 1/bin/../lib/gcc/avr/4.3.3/avr5\libgcc.a(_fixunssfsi.o)
 .data          0x00800060        0x0 d:/cources/embeded system diploma m.t/downloads interfacing 1/bin/../lib/gcc/avr/4.3.3/avr5\libgcc.a(_addsub_sf.o)
 .data          0x00800060        0x0 d:/cources/embeded system diploma m.t/downloads interfacing 1/bin/../lib/gcc/avr/4.3.3/avr5\libgcc.a(_mul_sf.o)
 .data          0x00800060        0x0 d:/cources/embeded system diploma m.t/downloads interfacing 1/bin/../lib/gcc/avr/4.3.3/avr5\libgcc.a(_gt_sf.o)
 .data          0x00800060        0x0 d:/cources/embeded system diploma m.t/downloads interfacing 1/bin/../lib/gcc/avr/4.3.3/avr5\libgcc.a(_ge_sf.o)
 .data          0x00800060        0x0 d:/cources/embeded system diploma m.t/downloads interfacing 1/bin/../lib/gcc/avr/4.3.3/avr5\libgcc.a(_lt_sf.o)
 .data          0x00800060        0x0 d:/cources/embeded system diploma m.t/downloads interfacing 1/bin/../lib/gcc/avr/4.3.3/avr5\libgcc.a(_si_to_sf.o)
 .data          0x00800060        0x0 d:/cources/embeded system diploma m.t/downloads interfacing 1/bin/../lib/gcc/avr/4.3.3/avr5\libgcc.a(_sf_to_si.o)
 .data          0x00800060        0x8 d:/cources/embeded system diploma m.t/downloads interfacing 1/bin/../lib/gcc/avr/4.3.3/avr5\libgcc.a(_thenan_sf.o)
                0x00800060                __thenan_sf
 .data          0x00800068        0x0 d:/cources/embeded system diploma m.t/downloads interfacing 1/bin/../lib/gcc/avr/4.3.3/avr5\libgcc.a(_usi_to_sf.o)
 .data          0x00800068        0x0 d:/cources/embeded system diploma m.t/downloads interfacing 1/bin/../lib/gcc/avr/4.3.3/avr5\libgcc.a(_prologue.o)
 .data          0x00800068        0x0 d:/cources/embeded system diploma m.t/downloads interfacing 1/bin/../lib/gcc/avr/4.3.3/avr5\libgcc.a(_epilogue.o)
 .data          0x00800068        0x0 d:/cources/embeded system diploma m.t/downloads interfacing 1/bin/../lib/gcc/avr/4.3.3/avr5\libgcc.a(_clzsi2.o)
 .data          0x00800068        0x0 d:/cources/embeded system diploma m.t/downloads interfacing 1/bin/../lib/gcc/avr/4.3.3/avr5\libgcc.a(_pack_sf.o)
 .data          0x00800068        0x0 d:/cources/embeded system diploma m.t/downloads interfacing 1/bin/../lib/gcc/avr/4.3.3/avr5\libgcc.a(_unpack_sf.o)
 .data          0x00800068        0x0 d:/cources/embeded system diploma m.t/downloads interfacing 1/bin/../lib/gcc/avr/4.3.3/avr5\libgcc.a(_fpcmp_parts_sf.o)
 .data          0x00800068      0x100 d:/cources/embeded system diploma m.t/downloads interfacing 1/bin/../lib/gcc/avr/4.3.3/avr5\libgcc.a(_clz.o)
                0x00800068                __clz_tab
 *(.data*)
 *(.rodata)
 *(.rodata*)
 .rodata.C.0.1439
                0x00800168        0x5 ./control_ecu.o
 .rodata.C.0.1232
                0x0080016d        0x6 ./external_eeprom.o
 *(.gnu.linkonce.d*)
                0x00800174                . = ALIGN (0x2)
 *fill*         0x00800173        0x1 00
                0x00800174                _edata = .
                0x00800174                PROVIDE (__data_end, .)

.bss            0x00800174        0x8
                0x00800174                PROVIDE (__bss_start, .)
 *(.bss)
 .bss           0x00800174        0x0 d:/cources/embeded system diploma m.t/downloads interfacing 1/bin/../lib/gcc/avr/4.3.3/../../../../avr/lib/avr5/crtm32.o
 .bss           0x00800174        0x0 ./buzzer.o
 .bss           0x00800174        0x0 ./control_ecu.o
 .bss           0x00800174        0x0 ./dc_motor.o
 .bss           0x00800174        0x0 ./external_eeprom.o
 .bss           0x00800174        0x0 ./m_gpio.o
 .bss           0x00800174        0x0 ./pwm.o
 .bss           0x00800174        0x0 ./timer1.o
 .bss           0x00800174        0x0 ./twi.o
 .bss           0x00800174        0x0 ./uart_m.o
 .bss           0x00800174        0x0 d:/cources/embeded system diploma m.t/downloads interfacing 1/bin/../lib/gcc/avr/4.3.3/avr5\libgcc.a(_udivmodsi4.o)
 .bss           0x00800174        0x0 d:/cources/embeded system diploma m.t/downloads interfacing 1/bin/../lib/gcc/avr/4.3.3/avr5\libgcc.a(_exit.o)
 .bss           0x00800174        0x0 d:/cources/embeded system diploma m.t/downloads interfacing 1/bin/../lib/gcc/avr/4.3.3/avr5\libgcc.a(_copy_data.o)
 .bss           0x00800174        0x0 d:/cources/embeded system diploma m.t/downloads interfacing 1/bin/../lib/gcc/avr/4.3.3/avr5\libgcc.a(_clear_bss.o)
 .bss           0x00800174        0x0 d:/cources/embeded system diploma m.t/downloads interfacing 1/bin/../lib/gcc/avr/4.3.3/avr5\libgcc.a(_fixunssfsi.o)
 .bss           0x00800174        0x0 d:/cources/embeded system diploma m.t/downloads interfacing 1/bin/../lib/gcc/avr/4.3.3/avr5\libgcc.a(_addsub_sf.o)
 .bss           0x00800174        0x0 d:/cources/embeded system diploma m.t/downloads interfacing 1/bin/../lib/gcc/avr/4.3.3/avr5\libgcc.a(_mul_sf.o)
 .bss           0x00800174        0x0 d:/cources/embeded system diploma m.t/downloads interfacing 1/bin/../lib/gcc/avr/4.3.3/avr5\libgcc.a(_gt_sf.o)
 .bss           0x00800174        0x0 d:/cources/embeded system diploma m.t/downloads interfacing 1/bin/../lib/gcc/avr/4.3.3/avr5\libgcc.a(_ge_sf.o)
 .bss           0x00800174        0x0 d:/cources/embeded system diploma m.t/downloads interfacing 1/bin/../lib/gcc/avr/4.3.3/avr5\libgcc.a(_lt_sf.o)
 .bss           0x00800174        0x0 d:/cources/embeded system diploma m.t/downloads interfacing 1/bin/../lib/gcc/avr/4.3.3/avr5\libgcc.a(_si_to_sf.o)
 .bss           0x00800174        0x0 d:/cources/embeded system diploma m.t/downloads interfacing 1/bin/../lib/gcc/avr/4.3.3/avr5\libgcc.a(_sf_to_si.o)
 .bss           0x00800174        0x0 d:/cources/embeded system diploma m.t/downloads interfacing 1/bin/../lib/gcc/avr/4.3.3/avr5\libgcc.a(_thenan_sf.o)
 .bss           0x00800174        0x0 d:/cources/embeded system diploma m.t/downloads interfacing 1/bin/../lib/gcc/avr/4.3.3/avr5\libgcc.a(_usi_to_sf.o)
 .bss           0x00800174        0x0 d:/cources/embeded system diploma m.t/downloads interfacing 1/bin/../lib/gcc/avr/4.3.3/avr5\libgcc.a(_prologue.o)
 .bss           0x00800174        0x0 d:/cources/embeded system diploma m.t/downloads interfacing 1/bin/../lib/gcc/avr/4.3.3/avr5\libgcc.a(_epilogue.o)
 .bss           0x00800174        0x0 d:/cources/embeded system diploma m.t/downloads interfacing 1/bin/../lib/gcc/avr/4.3.3/avr5\libgcc.a(_clzsi2.o)
 .bss           0x00800174        0x0 d:/cources/embeded system diploma m.t/downloads interfacing 1/bin/../lib/gcc/avr/4.3.3/avr5\libgcc.a(_pack_sf.o)
 .bss           0x00800174        0x0 d:/cources/embeded system diploma m.t/downloads interfacing 1/bin/../lib/gcc/avr/4.3.3/avr5\libgcc.a(_unpack_sf.o)
 .bss           0x00800174        0x0 d:/cources/embeded system diploma m.t/downloads interfacing 1/bin/../lib/gcc/avr/4.3.3/avr5\libgcc.a(_fpcmp_parts_sf.o)
 .bss           0x00800174        0x0 d:/cources/embeded system diploma m.t/downloads interfacing 1/bin/../lib/gcc/avr/4.3.3/avr5\libgcc.a(_clz.o)
 *(.bss*)
 .bss.g_callBackPtrOvf
                0x00800174        0x2 ./timer1.o
 .bss.g_callBackPtrCompA
                0x00800176        0x2 ./timer1.o
 .bss.g_callBackPtrCompB
                0x00800178        0x2 ./timer1.o
 *(COMMON)
 COMMON         0x0080017a        0x2 ./control_ecu.o
                0x0080017a                g_matchingCheck
                0x0080017b                g_seconds
                0x0080017c                PROVIDE (__bss_end, .)
                0x000028ee                __data_load_start = LOADADDR (.data)
                0x00002a02                __data_load_end = (__data_load_start + SIZEOF (.data))

.noinit         0x0080017c        0x0
                0x0080017c                PROVIDE (__noinit_start, .)
 *(.noinit*)
                0x0080017c                PROVIDE (__noinit_end, .)
                0x0080017c                _end = .
                0x0080017c                PROVIDE (__heap_start, .)

.eeprom         0x00810000        0x0
 *(.eeprom*)
                0x00810000                __eeprom_end = .

.fuse
 *(.fuse)
 *(.lfuse)
 *(.hfuse)
 *(.efuse)

.lock
 *(.lock*)

.signature
 *(.signature*)

.stab           0x00000000     0x2a0c
 *(.stab)
 .stab          0x00000000      0x264 ./buzzer.o
 .stab          0x00000264      0xc9c ./control_ecu.o
                                0xd38 (size before relaxing)
 .stab          0x00000f00      0x1f8 ./dc_motor.o
                                0x2f4 (size before relaxing)
 .stab          0x000010f8      0x3a8 ./external_eeprom.o
                                0x450 (size before relaxing)
 .stab          0x000014a0      0x66c ./m_gpio.o
                                0x8e8 (size before relaxing)
 .stab          0x00001b0c      0x1d4 ./pwm.o
                                0x420 (size before relaxing)
 .stab          0x00001ce0      0x618 ./timer1.o
                                0x8f4 (size before relaxing)
 .stab          0x000022f8      0x36c ./twi.o
                                0x600 (size before relaxing)
 .stab          0x00002664      0x3a8 ./uart_m.o
                                0x66c (size before relaxing)

.stabstr        0x00000000     0x192f
 *(.stabstr)
 .stabstr       0x00000000     0x192f ./buzzer.o

.stab.excl
 *(.stab.excl)

.stab.exclstr
 *(.stab.exclstr)

.stab.index
 *(.stab.index)

.stab.indexstr
 *(.stab.indexstr)

.comment
 *(.comment)

.debug
 *(.debug)

.line
 *(.line)

.debug_srcinfo
 *(.debug_srcinfo)

.debug_sfnames
 *(.debug_sfnames)

.debug_aranges  0x00000000      0x1a0
 *(.debug_aranges)
 .debug_aranges
                0x00000000       0x20 d:/cources/embeded system diploma m.t/downloads interfacing 1/bin/../lib/gcc/avr/4.3.3/avr5\libgcc.a(_fixunssfsi.o)
 .debug_aranges
                0x00000020       0x20 d:/cources/embeded system diploma m.t/downloads interfacing 1/bin/../lib/gcc/avr/4.3.3/avr5\libgcc.a(_addsub_sf.o)
 .debug_aranges
                0x00000040       0x20 d:/cources/embeded system diploma m.t/downloads interfacing 1/bin/../lib/gcc/avr/4.3.3/avr5\libgcc.a(_mul_sf.o)
 .debug_aranges
                0x00000060       0x20 d:/cources/embeded system diploma m.t/downloads interfacing 1/bin/../lib/gcc/avr/4.3.3/avr5\libgcc.a(_gt_sf.o)
 .debug_aranges
                0x00000080       0x20 d:/cources/embeded system diploma m.t/downloads interfacing 1/bin/../lib/gcc/avr/4.3.3/avr5\libgcc.a(_ge_sf.o)
 .debug_aranges
                0x000000a0       0x20 d:/cources/embeded system diploma m.t/downloads interfacing 1/bin/../lib/gcc/avr/4.3.3/avr5\libgcc.a(_lt_sf.o)
 .debug_aranges
                0x000000c0       0x20 d:/cources/embeded system diploma m.t/downloads interfacing 1/bin/../lib/gcc/avr/4.3.3/avr5\libgcc.a(_si_to_sf.o)
 .debug_aranges
                0x000000e0       0x20 d:/cources/embeded system diploma m.t/downloads interfacing 1/bin/../lib/gcc/avr/4.3.3/avr5\libgcc.a(_sf_to_si.o)
 .debug_aranges
                0x00000100       0x20 d:/cources/embeded system diploma m.t/downloads interfacing 1/bin/../lib/gcc/avr/4.3.3/avr5\libgcc.a(_usi_to_sf.o)
 .debug_aranges
                0x00000120       0x20 d:/cources/embeded system diploma m.t/downloads interfacing 1/bin/../lib/gcc/avr/4.3.3/avr5\libgcc.a(_clzsi2.o)
 .debug_aranges
                0x00000140       0x20 d:/cources/embeded system diploma m.t/downloads interfacing 1/bin/../lib/gcc/avr/4.3.3/avr5\libgcc.a(_pack_sf.o)
 .debug_aranges
                0x00000160       0x20 d:/cources/embeded system diploma m.t/downloads interfacing 1/bin/../lib/gcc/avr/4.3.3/avr5\libgcc.a(_unpack_sf.o)
 .debug_aranges
                0x00000180       0x20 d:/cources/embeded system diploma m.t/downloads interfacing 1/bin/../lib/gcc/avr/4.3.3/avr5\libgcc.a(_fpcmp_parts_sf.o)

.debug_pubnames
                0x00000000      0x1f5
 *(.debug_pubnames)
 .debug_pubnames
                0x00000000       0x23 d:/cources/embeded system diploma m.t/downloads interfacing 1/bin/../lib/gcc/avr/4.3.3/avr5\libgcc.a(_fixunssfsi.o)
 .debug_pubnames
                0x00000023       0x2c d:/cources/embeded system diploma m.t/downloads interfacing 1/bin/../lib/gcc/avr/4.3.3/avr5\libgcc.a(_addsub_sf.o)
 .debug_pubnames
                0x0000004f       0x1f d:/cources/embeded system diploma m.t/downloads interfacing 1/bin/../lib/gcc/avr/4.3.3/avr5\libgcc.a(_mul_sf.o)
 .debug_pubnames
                0x0000006e       0x1e d:/cources/embeded system diploma m.t/downloads interfacing 1/bin/../lib/gcc/avr/4.3.3/avr5\libgcc.a(_gt_sf.o)
 .debug_pubnames
                0x0000008c       0x1e d:/cources/embeded system diploma m.t/downloads interfacing 1/bin/../lib/gcc/avr/4.3.3/avr5\libgcc.a(_ge_sf.o)
 .debug_pubnames
                0x000000aa       0x1e d:/cources/embeded system diploma m.t/downloads interfacing 1/bin/../lib/gcc/avr/4.3.3/avr5\libgcc.a(_lt_sf.o)
 .debug_pubnames
                0x000000c8       0x22 d:/cources/embeded system diploma m.t/downloads interfacing 1/bin/../lib/gcc/avr/4.3.3/avr5\libgcc.a(_si_to_sf.o)
 .debug_pubnames
                0x000000ea       0x20 d:/cources/embeded system diploma m.t/downloads interfacing 1/bin/../lib/gcc/avr/4.3.3/avr5\libgcc.a(_sf_to_si.o)
 .debug_pubnames
                0x0000010a       0x22 d:/cources/embeded system diploma m.t/downloads interfacing 1/bin/../lib/gcc/avr/4.3.3/avr5\libgcc.a(_thenan_sf.o)
 .debug_pubnames
                0x0000012c       0x24 d:/cources/embeded system diploma m.t/downloads interfacing 1/bin/../lib/gcc/avr/4.3.3/avr5\libgcc.a(_usi_to_sf.o)
 .debug_pubnames
                0x00000150       0x1f d:/cources/embeded system diploma m.t/downloads interfacing 1/bin/../lib/gcc/avr/4.3.3/avr5\libgcc.a(_clzsi2.o)
 .debug_pubnames
                0x0000016f       0x1f d:/cources/embeded system diploma m.t/downloads interfacing 1/bin/../lib/gcc/avr/4.3.3/avr5\libgcc.a(_pack_sf.o)
 .debug_pubnames
                0x0000018e       0x21 d:/cources/embeded system diploma m.t/downloads interfacing 1/bin/../lib/gcc/avr/4.3.3/avr5\libgcc.a(_unpack_sf.o)
 .debug_pubnames
                0x000001af       0x26 d:/cources/embeded system diploma m.t/downloads interfacing 1/bin/../lib/gcc/avr/4.3.3/avr5\libgcc.a(_fpcmp_parts_sf.o)
 .debug_pubnames
                0x000001d5       0x20 d:/cources/embeded system diploma m.t/downloads interfacing 1/bin/../lib/gcc/avr/4.3.3/avr5\libgcc.a(_clz.o)

.debug_info     0x00000000     0x2216
 *(.debug_info)
 .debug_info    0x00000000       0xb1 d:/cources/embeded system diploma m.t/downloads interfacing 1/bin/../lib/gcc/avr/4.3.3/avr5\libgcc.a(_fixunssfsi.o)
 .debug_info    0x000000b1      0x47a d:/cources/embeded system diploma m.t/downloads interfacing 1/bin/../lib/gcc/avr/4.3.3/avr5\libgcc.a(_addsub_sf.o)
 .debug_info    0x0000052b      0x485 d:/cources/embeded system diploma m.t/downloads interfacing 1/bin/../lib/gcc/avr/4.3.3/avr5\libgcc.a(_mul_sf.o)
 .debug_info    0x000009b0      0x27f d:/cources/embeded system diploma m.t/downloads interfacing 1/bin/../lib/gcc/avr/4.3.3/avr5\libgcc.a(_gt_sf.o)
 .debug_info    0x00000c2f      0x27f d:/cources/embeded system diploma m.t/downloads interfacing 1/bin/../lib/gcc/avr/4.3.3/avr5\libgcc.a(_ge_sf.o)
 .debug_info    0x00000eae      0x27f d:/cources/embeded system diploma m.t/downloads interfacing 1/bin/../lib/gcc/avr/4.3.3/avr5\libgcc.a(_lt_sf.o)
 .debug_info    0x0000112d      0x207 d:/cources/embeded system diploma m.t/downloads interfacing 1/bin/../lib/gcc/avr/4.3.3/avr5\libgcc.a(_si_to_sf.o)
 .debug_info    0x00001334      0x2b0 d:/cources/embeded system diploma m.t/downloads interfacing 1/bin/../lib/gcc/avr/4.3.3/avr5\libgcc.a(_sf_to_si.o)
 .debug_info    0x000015e4      0x12c d:/cources/embeded system diploma m.t/downloads interfacing 1/bin/../lib/gcc/avr/4.3.3/avr5\libgcc.a(_thenan_sf.o)
 .debug_info    0x00001710      0x206 d:/cources/embeded system diploma m.t/downloads interfacing 1/bin/../lib/gcc/avr/4.3.3/avr5\libgcc.a(_usi_to_sf.o)
 .debug_info    0x00001916      0x117 d:/cources/embeded system diploma m.t/downloads interfacing 1/bin/../lib/gcc/avr/4.3.3/avr5\libgcc.a(_clzsi2.o)
 .debug_info    0x00001a2d      0x2df d:/cources/embeded system diploma m.t/downloads interfacing 1/bin/../lib/gcc/avr/4.3.3/avr5\libgcc.a(_pack_sf.o)
 .debug_info    0x00001d0c      0x251 d:/cources/embeded system diploma m.t/downloads interfacing 1/bin/../lib/gcc/avr/4.3.3/avr5\libgcc.a(_unpack_sf.o)
 .debug_info    0x00001f5d      0x210 d:/cources/embeded system diploma m.t/downloads interfacing 1/bin/../lib/gcc/avr/4.3.3/avr5\libgcc.a(_fpcmp_parts_sf.o)
 .debug_info    0x0000216d       0xa9 d:/cources/embeded system diploma m.t/downloads interfacing 1/bin/../lib/gcc/avr/4.3.3/avr5\libgcc.a(_clz.o)
 *(.gnu.linkonce.wi.*)

.debug_abbrev   0x00000000     0x12b8
 *(.debug_abbrev)
 .debug_abbrev  0x00000000       0x5d d:/cources/embeded system diploma m.t/downloads interfacing 1/bin/../lib/gcc/avr/4.3.3/avr5\libgcc.a(_fixunssfsi.o)
 .debug_abbrev  0x0000005d      0x1ea d:/cources/embeded system diploma m.t/downloads interfacing 1/bin/../lib/gcc/avr/4.3.3/avr5\libgcc.a(_addsub_sf.o)
 .debug_abbrev  0x00000247      0x21b d:/cources/embeded system diploma m.t/downloads interfacing 1/bin/../lib/gcc/avr/4.3.3/avr5\libgcc.a(_mul_sf.o)
 .debug_abbrev  0x00000462      0x15a d:/cources/embeded system diploma m.t/downloads interfacing 1/bin/../lib/gcc/avr/4.3.3/avr5\libgcc.a(_gt_sf.o)
 .debug_abbrev  0x000005bc      0x15a d:/cources/embeded system diploma m.t/downloads interfacing 1/bin/../lib/gcc/avr/4.3.3/avr5\libgcc.a(_ge_sf.o)
 .debug_abbrev  0x00000716      0x15a d:/cources/embeded system diploma m.t/downloads interfacing 1/bin/../lib/gcc/avr/4.3.3/avr5\libgcc.a(_lt_sf.o)
 .debug_abbrev  0x00000870      0x148 d:/cources/embeded system diploma m.t/downloads interfacing 1/bin/../lib/gcc/avr/4.3.3/avr5\libgcc.a(_si_to_sf.o)
 .debug_abbrev  0x000009b8      0x17f d:/cources/embeded system diploma m.t/downloads interfacing 1/bin/../lib/gcc/avr/4.3.3/avr5\libgcc.a(_sf_to_si.o)
 .debug_abbrev  0x00000b37       0xad d:/cources/embeded system diploma m.t/downloads interfacing 1/bin/../lib/gcc/avr/4.3.3/avr5\libgcc.a(_thenan_sf.o)
 .debug_abbrev  0x00000be4      0x157 d:/cources/embeded system diploma m.t/downloads interfacing 1/bin/../lib/gcc/avr/4.3.3/avr5\libgcc.a(_usi_to_sf.o)
 .debug_abbrev  0x00000d3b       0xc4 d:/cources/embeded system diploma m.t/downloads interfacing 1/bin/../lib/gcc/avr/4.3.3/avr5\libgcc.a(_clzsi2.o)
 .debug_abbrev  0x00000dff      0x1c0 d:/cources/embeded system diploma m.t/downloads interfacing 1/bin/../lib/gcc/avr/4.3.3/avr5\libgcc.a(_pack_sf.o)
 .debug_abbrev  0x00000fbf      0x154 d:/cources/embeded system diploma m.t/downloads interfacing 1/bin/../lib/gcc/avr/4.3.3/avr5\libgcc.a(_unpack_sf.o)
 .debug_abbrev  0x00001113      0x13b d:/cources/embeded system diploma m.t/downloads interfacing 1/bin/../lib/gcc/avr/4.3.3/avr5\libgcc.a(_fpcmp_parts_sf.o)
 .debug_abbrev  0x0000124e       0x6a d:/cources/embeded system diploma m.t/downloads interfacing 1/bin/../lib/gcc/avr/4.3.3/avr5\libgcc.a(_clz.o)

.debug_line     0x00000000     0x1136
 *(.debug_line)
 .debug_line    0x00000000       0xa7 d:/cources/embeded system diploma m.t/downloads interfacing 1/bin/../lib/gcc/avr/4.3.3/avr5\libgcc.a(_fixunssfsi.o)
 .debug_line    0x000000a7      0x2af d:/cources/embeded system diploma m.t/downloads interfacing 1/bin/../lib/gcc/avr/4.3.3/avr5\libgcc.a(_addsub_sf.o)
 .debug_line    0x00000356      0x239 d:/cources/embeded system diploma m.t/downloads interfacing 1/bin/../lib/gcc/avr/4.3.3/avr5\libgcc.a(_mul_sf.o)
 .debug_line    0x0000058f       0xd3 d:/cources/embeded system diploma m.t/downloads interfacing 1/bin/../lib/gcc/avr/4.3.3/avr5\libgcc.a(_gt_sf.o)
 .debug_line    0x00000662       0xd3 d:/cources/embeded system diploma m.t/downloads interfacing 1/bin/../lib/gcc/avr/4.3.3/avr5\libgcc.a(_ge_sf.o)
 .debug_line    0x00000735       0xd3 d:/cources/embeded system diploma m.t/downloads interfacing 1/bin/../lib/gcc/avr/4.3.3/avr5\libgcc.a(_lt_sf.o)
 .debug_line    0x00000808      0x135 d:/cources/embeded system diploma m.t/downloads interfacing 1/bin/../lib/gcc/avr/4.3.3/avr5\libgcc.a(_si_to_sf.o)
 .debug_line    0x0000093d      0x109 d:/cources/embeded system diploma m.t/downloads interfacing 1/bin/../lib/gcc/avr/4.3.3/avr5\libgcc.a(_sf_to_si.o)
 .debug_line    0x00000a46       0x90 d:/cources/embeded system diploma m.t/downloads interfacing 1/bin/../lib/gcc/avr/4.3.3/avr5\libgcc.a(_thenan_sf.o)
 .debug_line    0x00000ad6      0x133 d:/cources/embeded system diploma m.t/downloads interfacing 1/bin/../lib/gcc/avr/4.3.3/avr5\libgcc.a(_usi_to_sf.o)
 .debug_line    0x00000c09       0xa5 d:/cources/embeded system diploma m.t/downloads interfacing 1/bin/../lib/gcc/avr/4.3.3/avr5\libgcc.a(_clzsi2.o)
 .debug_line    0x00000cae      0x18a d:/cources/embeded system diploma m.t/downloads interfacing 1/bin/../lib/gcc/avr/4.3.3/avr5\libgcc.a(_pack_sf.o)
 .debug_line    0x00000e38      0x14b d:/cources/embeded system diploma m.t/downloads interfacing 1/bin/../lib/gcc/avr/4.3.3/avr5\libgcc.a(_unpack_sf.o)
 .debug_line    0x00000f83      0x137 d:/cources/embeded system diploma m.t/downloads interfacing 1/bin/../lib/gcc/avr/4.3.3/avr5\libgcc.a(_fpcmp_parts_sf.o)
 .debug_line    0x000010ba       0x7c d:/cources/embeded system diploma m.t/downloads interfacing 1/bin/../lib/gcc/avr/4.3.3/avr5\libgcc.a(_clz.o)

.debug_frame    0x00000000      0x1c0
 *(.debug_frame)
 .debug_frame   0x00000000       0x20 d:/cources/embeded system diploma m.t/downloads interfacing 1/bin/../lib/gcc/avr/4.3.3/avr5\libgcc.a(_fixunssfsi.o)
 .debug_frame   0x00000020       0x40 d:/cources/embeded system diploma m.t/downloads interfacing 1/bin/../lib/gcc/avr/4.3.3/avr5\libgcc.a(_addsub_sf.o)
 .debug_frame   0x00000060       0x20 d:/cources/embeded system diploma m.t/downloads interfacing 1/bin/../lib/gcc/avr/4.3.3/avr5\libgcc.a(_mul_sf.o)
 .debug_frame   0x00000080       0x20 d:/cources/embeded system diploma m.t/downloads interfacing 1/bin/../lib/gcc/avr/4.3.3/avr5\libgcc.a(_gt_sf.o)
 .debug_frame   0x000000a0       0x20 d:/cources/embeded system diploma m.t/downloads interfacing 1/bin/../lib/gcc/avr/4.3.3/avr5\libgcc.a(_ge_sf.o)
 .debug_frame   0x000000c0       0x20 d:/cources/embeded system diploma m.t/downloads interfacing 1/bin/../lib/gcc/avr/4.3.3/avr5\libgcc.a(_lt_sf.o)
 .debug_frame   0x000000e0       0x20 d:/cources/embeded system diploma m.t/downloads interfacing 1/bin/../lib/gcc/avr/4.3.3/avr5\libgcc.a(_si_to_sf.o)
 .debug_frame   0x00000100       0x20 d:/cources/embeded system diploma m.t/downloads interfacing 1/bin/../lib/gcc/avr/4.3.3/avr5\libgcc.a(_sf_to_si.o)
 .debug_frame   0x00000120       0x20 d:/cources/embeded system diploma m.t/downloads interfacing 1/bin/../lib/gcc/avr/4.3.3/avr5\libgcc.a(_usi_to_sf.o)
 .debug_frame   0x00000140       0x20 d:/cources/embeded system diploma m.t/downloads interfacing 1/bin/../lib/gcc/avr/4.3.3/avr5\libgcc.a(_clzsi2.o)
 .debug_frame   0x00000160       0x20 d:/cources/embeded system diploma m.t/downloads interfacing 1/bin/../lib/gcc/avr/4.3.3/avr5\libgcc.a(_pack_sf.o)
 .debug_frame   0x00000180       0x20 d:/cources/embeded system diploma m.t/downloads interfacing 1/bin/../lib/gcc/avr/4.3.3/avr5\libgcc.a(_unpack_sf.o)
 .debug_frame   0x000001a0       0x20 d:/cources/embeded system diploma m.t/downloads interfacing 1/bin/../lib/gcc/avr/4.3.3/avr5\libgcc.a(_fpcmp_parts_sf.o)

.debug_str      0x00000000      0x2d2
 *(.debug_str)
 .debug_str     0x00000000       0xbf d:/cources/embeded system diploma m.t/downloads interfacing 1/bin/../lib/gcc/avr/4.3.3/avr5\libgcc.a(_fixunssfsi.o)
                                 0xfe (size before relaxing)
 .debug_str     0x000000bf      0x14d d:/cources/embeded system diploma m.t/downloads interfacing 1/bin/../lib/gcc/avr/4.3.3/avr5\libgcc.a(_addsub_sf.o)
                                0x206 (size before relaxing)
 .debug_str     0x0000020c       0x27 d:/cources/embeded system diploma m.t/downloads interfacing 1/bin/../lib/gcc/avr/4.3.3/avr5\libgcc.a(_mul_sf.o)
                                0x1bf (size before relaxing)
 .debug_str     0x00000233        0x8 d:/cources/embeded system diploma m.t/downloads interfacing 1/bin/../lib/gcc/avr/4.3.3/avr5\libgcc.a(_gt_sf.o)
                                0x195 (size before relaxing)
 .debug_str     0x0000023b        0x8 d:/cources/embeded system diploma m.t/downloads interfacing 1/bin/../lib/gcc/avr/4.3.3/avr5\libgcc.a(_ge_sf.o)
                                0x195 (size before relaxing)
 .debug_str     0x00000243        0x8 d:/cources/embeded system diploma m.t/downloads interfacing 1/bin/../lib/gcc/avr/4.3.3/avr5\libgcc.a(_lt_sf.o)
                                0x195 (size before relaxing)
 .debug_str     0x0000024b       0x1e d:/cources/embeded system diploma m.t/downloads interfacing 1/bin/../lib/gcc/avr/4.3.3/avr5\libgcc.a(_si_to_sf.o)
                                0x17b (size before relaxing)
 .debug_str     0x00000269        0xa d:/cources/embeded system diploma m.t/downloads interfacing 1/bin/../lib/gcc/avr/4.3.3/avr5\libgcc.a(_sf_to_si.o)
                                0x19e (size before relaxing)
 .debug_str     0x00000000      0x103 d:/cources/embeded system diploma m.t/downloads interfacing 1/bin/../lib/gcc/avr/4.3.3/avr5\libgcc.a(_thenan_sf.o)
 .debug_str     0x00000273       0x14 d:/cources/embeded system diploma m.t/downloads interfacing 1/bin/../lib/gcc/avr/4.3.3/avr5\libgcc.a(_usi_to_sf.o)
                                0x177 (size before relaxing)
 .debug_str     0x00000287       0x20 d:/cources/embeded system diploma m.t/downloads interfacing 1/bin/../lib/gcc/avr/4.3.3/avr5\libgcc.a(_clzsi2.o)
                                0x111 (size before relaxing)
 .debug_str     0x000002a7       0x10 d:/cources/embeded system diploma m.t/downloads interfacing 1/bin/../lib/gcc/avr/4.3.3/avr5\libgcc.a(_pack_sf.o)
                                0x19d (size before relaxing)
 .debug_str     0x000002b7        0xb d:/cources/embeded system diploma m.t/downloads interfacing 1/bin/../lib/gcc/avr/4.3.3/avr5\libgcc.a(_unpack_sf.o)
                                0x17f (size before relaxing)
 .debug_str     0x000002c2       0x10 d:/cources/embeded system diploma m.t/downloads interfacing 1/bin/../lib/gcc/avr/4.3.3/avr5\libgcc.a(_fpcmp_parts_sf.o)
                                0x163 (size before relaxing)
 .debug_str     0x00000000       0xf4 d:/cources/embeded system diploma m.t/downloads interfacing 1/bin/../lib/gcc/avr/4.3.3/avr5\libgcc.a(_clz.o)

.debug_loc      0x00000000      0x95a
 *(.debug_loc)
 .debug_loc     0x00000000       0x34 d:/cources/embeded system diploma m.t/downloads interfacing 1/bin/../lib/gcc/avr/4.3.3/avr5\libgcc.a(_fixunssfsi.o)
 .debug_loc     0x00000034      0x32a d:/cources/embeded system diploma m.t/downloads interfacing 1/bin/../lib/gcc/avr/4.3.3/avr5\libgcc.a(_addsub_sf.o)
 .debug_loc     0x0000035e      0x104 d:/cources/embeded system diploma m.t/downloads interfacing 1/bin/../lib/gcc/avr/4.3.3/avr5\libgcc.a(_mul_sf.o)
 .debug_loc     0x00000462       0x3c d:/cources/embeded system diploma m.t/downloads interfacing 1/bin/../lib/gcc/avr/4.3.3/avr5\libgcc.a(_gt_sf.o)
 .debug_loc     0x0000049e       0x3c d:/cources/embeded system diploma m.t/downloads interfacing 1/bin/../lib/gcc/avr/4.3.3/avr5\libgcc.a(_ge_sf.o)
 .debug_loc     0x000004da       0x3c d:/cources/embeded system diploma m.t/downloads interfacing 1/bin/../lib/gcc/avr/4.3.3/avr5\libgcc.a(_lt_sf.o)
 .debug_loc     0x00000516       0xac d:/cources/embeded system diploma m.t/downloads interfacing 1/bin/../lib/gcc/avr/4.3.3/avr5\libgcc.a(_si_to_sf.o)
 .debug_loc     0x000005c2       0x7e d:/cources/embeded system diploma m.t/downloads interfacing 1/bin/../lib/gcc/avr/4.3.3/avr5\libgcc.a(_sf_to_si.o)
 .debug_loc     0x00000640       0x4c d:/cources/embeded system diploma m.t/downloads interfacing 1/bin/../lib/gcc/avr/4.3.3/avr5\libgcc.a(_usi_to_sf.o)
 .debug_loc     0x0000068c       0x94 d:/cources/embeded system diploma m.t/downloads interfacing 1/bin/../lib/gcc/avr/4.3.3/avr5\libgcc.a(_clzsi2.o)
 .debug_loc     0x00000720      0x13e d:/cources/embeded system diploma m.t/downloads interfacing 1/bin/../lib/gcc/avr/4.3.3/avr5\libgcc.a(_pack_sf.o)
 .debug_loc     0x0000085e       0xac d:/cources/embeded system diploma m.t/downloads interfacing 1/bin/../lib/gcc/avr/4.3.3/avr5\libgcc.a(_unpack_sf.o)
 .debug_loc     0x0000090a       0x50 d:/cources/embeded system diploma m.t/downloads interfacing 1/bin/../lib/gcc/avr/4.3.3/avr5\libgcc.a(_fpcmp_parts_sf.o)

.debug_macinfo
 *(.debug_macinfo)
OUTPUT(k_control_ec.elf elf32-avr)
LOAD linker stubs

.debug_ranges   0x00000000       0x50
 .debug_ranges  0x00000000       0x50 d:/cources/embeded system diploma m.t/downloads interfacing 1/bin/../lib/gcc/avr/4.3.3/avr5\libgcc.a(_mul_sf.o)
