Archive member included because of file (symbol)

d:/cources/embeded system diploma m.t/downloads interfacing 1/bin/../lib/gcc/avr/4.3.3/avr5\libgcc.a(_exit.o)
                              d:/cources/embeded system diploma m.t/downloads interfacing 1/bin/../lib/gcc/avr/4.3.3/../../../../avr/lib/avr5/crtm32.o (exit)
d:/cources/embeded system diploma m.t/downloads interfacing 1/bin/../lib/gcc/avr/4.3.3/avr5\libgcc.a(_copy_data.o)
                              ./application.o (__do_copy_data)
d:/cources/embeded system diploma m.t/downloads interfacing 1/bin/../lib/gcc/avr/4.3.3/avr5\libgcc.a(_clear_bss.o)
                              ./m_icu.o (__do_clear_bss)
d:/cources/embeded system diploma m.t/downloads interfacing 1/bin/../lib/gcc/avr/4.3.3/avr5\libgcc.a(_fixunssfsi.o)
                              ./application.o (__fixunssfsi)
d:/cources/embeded system diploma m.t/downloads interfacing 1/bin/../lib/gcc/avr/4.3.3/avr5\libgcc.a(_addsub_sf.o)
                              d:/cources/embeded system diploma m.t/downloads interfacing 1/bin/../lib/gcc/avr/4.3.3/avr5\libgcc.a(_fixunssfsi.o) (__subsf3)
d:/cources/embeded system diploma m.t/downloads interfacing 1/bin/../lib/gcc/avr/4.3.3/avr5\libgcc.a(_mul_sf.o)
                              ./application.o (__mulsf3)
d:/cources/embeded system diploma m.t/downloads interfacing 1/bin/../lib/gcc/avr/4.3.3/avr5\libgcc.a(_div_sf.o)
                              ./ultrasonic.o (__divsf3)
d:/cources/embeded system diploma m.t/downloads interfacing 1/bin/../lib/gcc/avr/4.3.3/avr5\libgcc.a(_gt_sf.o)
                              ./application.o (__gtsf2)
d:/cources/embeded system diploma m.t/downloads interfacing 1/bin/../lib/gcc/avr/4.3.3/avr5\libgcc.a(_ge_sf.o)
                              d:/cources/embeded system diploma m.t/downloads interfacing 1/bin/../lib/gcc/avr/4.3.3/avr5\libgcc.a(_fixunssfsi.o) (__gesf2)
d:/cources/embeded system diploma m.t/downloads interfacing 1/bin/../lib/gcc/avr/4.3.3/avr5\libgcc.a(_lt_sf.o)
                              ./application.o (__ltsf2)
d:/cources/embeded system diploma m.t/downloads interfacing 1/bin/../lib/gcc/avr/4.3.3/avr5\libgcc.a(_sf_to_si.o)
                              d:/cources/embeded system diploma m.t/downloads interfacing 1/bin/../lib/gcc/avr/4.3.3/avr5\libgcc.a(_fixunssfsi.o) (__fixsfsi)
d:/cources/embeded system diploma m.t/downloads interfacing 1/bin/../lib/gcc/avr/4.3.3/avr5\libgcc.a(_thenan_sf.o)
                              d:/cources/embeded system diploma m.t/downloads interfacing 1/bin/../lib/gcc/avr/4.3.3/avr5\libgcc.a(_addsub_sf.o) (__thenan_sf)
d:/cources/embeded system diploma m.t/downloads interfacing 1/bin/../lib/gcc/avr/4.3.3/avr5\libgcc.a(_usi_to_sf.o)
                              ./ultrasonic.o (__floatunsisf)
d:/cources/embeded system diploma m.t/downloads interfacing 1/bin/../lib/gcc/avr/4.3.3/avr5\libgcc.a(_prologue.o)
                              d:/cources/embeded system diploma m.t/downloads interfacing 1/bin/../lib/gcc/avr/4.3.3/avr5\libgcc.a(_addsub_sf.o) (__prologue_saves__)
d:/cources/embeded system diploma m.t/downloads interfacing 1/bin/../lib/gcc/avr/4.3.3/avr5\libgcc.a(_epilogue.o)
                              d:/cources/embeded system diploma m.t/downloads interfacing 1/bin/../lib/gcc/avr/4.3.3/avr5\libgcc.a(_addsub_sf.o) (__epilogue_restores__)
d:/cources/embeded system diploma m.t/downloads interfacing 1/bin/../lib/gcc/avr/4.3.3/avr5\libgcc.a(_clzsi2.o)
                              d:/cources/embeded system diploma m.t/downloads interfacing 1/bin/../lib/gcc/avr/4.3.3/avr5\libgcc.a(_usi_to_sf.o) (__clzsi2)
d:/cources/embeded system diploma m.t/downloads interfacing 1/bin/../lib/gcc/avr/4.3.3/avr5\libgcc.a(_pack_sf.o)
                              d:/cources/embeded system diploma m.t/downloads interfacing 1/bin/../lib/gcc/avr/4.3.3/avr5\libgcc.a(_addsub_sf.o) (__pack_f)
d:/cources/embeded system diploma m.t/downloads interfacing 1/bin/../lib/gcc/avr/4.3.3/avr5\libgcc.a(_unpack_sf.o)
                              d:/cources/embeded system diploma m.t/downloads interfacing 1/bin/../lib/gcc/avr/4.3.3/avr5\libgcc.a(_addsub_sf.o) (__unpack_f)
d:/cources/embeded system diploma m.t/downloads interfacing 1/bin/../lib/gcc/avr/4.3.3/avr5\libgcc.a(_fpcmp_parts_sf.o)
                              d:/cources/embeded system diploma m.t/downloads interfacing 1/bin/../lib/gcc/avr/4.3.3/avr5\libgcc.a(_gt_sf.o) (__fpcmp_parts_f)
d:/cources/embeded system diploma m.t/downloads interfacing 1/bin/../lib/gcc/avr/4.3.3/avr5\libgcc.a(_clz.o)
                              d:/cources/embeded system diploma m.t/downloads interfacing 1/bin/../lib/gcc/avr/4.3.3/avr5\libgcc.a(_clzsi2.o) (__clz_tab)
d:/cources/embeded system diploma m.t/downloads interfacing 1/bin/../lib/gcc/avr/4.3.3/../../../../avr/lib/avr5\libc.a(itoa.o)
                              ./lcd.o (itoa)
d:/cources/embeded system diploma m.t/downloads interfacing 1/bin/../lib/gcc/avr/4.3.3/../../../../avr/lib/avr5\libc.a(strrev.o)
                              d:/cources/embeded system diploma m.t/downloads interfacing 1/bin/../lib/gcc/avr/4.3.3/../../../../avr/lib/avr5\libc.a(itoa.o) (strrev)
d:/cources/embeded system diploma m.t/downloads interfacing 1/bin/../lib/gcc/avr/4.3.3/avr5\libgcc.a(_udivmodhi4.o)
                              d:/cources/embeded system diploma m.t/downloads interfacing 1/bin/../lib/gcc/avr/4.3.3/../../../../avr/lib/avr5\libc.a(itoa.o) (__udivmodhi4)

Memory Configuration

Name             Origin             Length             Attributes
text             0x00000000         0x00020000         xr
data             0x00800060         0x0000ffa0         rw !x
eeprom           0x00810000         0x00010000         rw !x
fuse             0x00820000         0x00000400         rw !x
lock             0x00830000         0x00000400         rw !x
signature        0x00840000         0x00000400         rw !x
*default*        0x00000000         0xffffffff

Linker script and memory map

LOAD d:/cources/embeded system diploma m.t/downloads interfacing 1/bin/../lib/gcc/avr/4.3.3/../../../../avr/lib/avr5/crtm32.o
LOAD ./application.o
LOAD ./lcd.o
LOAD ./m_gpio.o
LOAD ./m_icu.o
LOAD ./ultrasonic.o
LOAD d:/cources/embeded system diploma m.t/downloads interfacing 1/bin/../lib/gcc/avr/4.3.3/avr5\libgcc.a
LOAD d:/cources/embeded system diploma m.t/downloads interfacing 1/bin/../lib/gcc/avr/4.3.3/../../../../avr/lib/avr5\libc.a
LOAD d:/cources/embeded system diploma m.t/downloads interfacing 1/bin/../lib/gcc/avr/4.3.3/avr5\libgcc.a

.hash
 *(.hash)

.dynsym
 *(.dynsym)

.dynstr
 *(.dynstr)

.gnu.version
 *(.gnu.version)

.gnu.version_d
 *(.gnu.version_d)

.gnu.version_r
 *(.gnu.version_r)

.rel.init
 *(.rel.init)

.rela.init
 *(.rela.init)

.rel.text
 *(.rel.text)
 *(.rel.text.*)
 *(.rel.gnu.linkonce.t*)

.rela.text
 *(.rela.text)
 *(.rela.text.*)
 *(.rela.gnu.linkonce.t*)

.rel.fini
 *(.rel.fini)

.rela.fini
 *(.rela.fini)

.rel.rodata
 *(.rel.rodata)
 *(.rel.rodata.*)
 *(.rel.gnu.linkonce.r*)

.rela.rodata
 *(.rela.rodata)
 *(.rela.rodata.*)
 *(.rela.gnu.linkonce.r*)

.rel.data
 *(.rel.data)
 *(.rel.data.*)
 *(.rel.gnu.linkonce.d*)

.rela.data
 *(.rela.data)
 *(.rela.data.*)
 *(.rela.gnu.linkonce.d*)

.rel.ctors
 *(.rel.ctors)

.rela.ctors
 *(.rela.ctors)

.rel.dtors
 *(.rel.dtors)

.rela.dtors
 *(.rela.dtors)

.rel.got
 *(.rel.got)

.rela.got
 *(.rela.got)

.rel.bss
 *(.rel.bss)

.rela.bss
 *(.rela.bss)

.rel.plt
 *(.rel.plt)

.rela.plt
 *(.rela.plt)

.text           0x00000000     0x259c
 *(.vectors)
 .vectors       0x00000000       0x54 d:/cources/embeded system diploma m.t/downloads interfacing 1/bin/../lib/gcc/avr/4.3.3/../../../../avr/lib/avr5/crtm32.o
                0x00000000                __vectors
                0x00000000                __vector_default
 *(.vectors)
 *(.progmem.gcc*)
 *(.progmem*)
                0x00000054                . = ALIGN (0x2)
                0x00000054                __trampolines_start = .
 *(.trampolines)
 .trampolines   0x00000054        0x0 linker stubs
 *(.trampolines*)
                0x00000054                __trampolines_end = .
 *(.jumptables)
 *(.jumptables*)
 *(.lowtext)
 *(.lowtext*)
                0x00000054                __ctors_start = .
 *(.ctors)
                0x00000054                __ctors_end = .
                0x00000054                __dtors_start = .
 *(.dtors)
                0x00000054                __dtors_end = .
 SORT(*)(.ctors)
 SORT(*)(.dtors)
 *(.init0)
 .init0         0x00000054        0x0 d:/cources/embeded system diploma m.t/downloads interfacing 1/bin/../lib/gcc/avr/4.3.3/../../../../avr/lib/avr5/crtm32.o
                0x00000054                __init
 *(.init0)
 *(.init1)
 *(.init1)
 *(.init2)
 .init2         0x00000054        0xc d:/cources/embeded system diploma m.t/downloads interfacing 1/bin/../lib/gcc/avr/4.3.3/../../../../avr/lib/avr5/crtm32.o
 *(.init2)
 *(.init3)
 *(.init3)
 *(.init4)
 .init4         0x00000060       0x16 d:/cources/embeded system diploma m.t/downloads interfacing 1/bin/../lib/gcc/avr/4.3.3/avr5\libgcc.a(_copy_data.o)
                0x00000060                __do_copy_data
 .init4         0x00000076       0x10 d:/cources/embeded system diploma m.t/downloads interfacing 1/bin/../lib/gcc/avr/4.3.3/avr5\libgcc.a(_clear_bss.o)
                0x00000076                __do_clear_bss
 *(.init4)
 *(.init5)
 *(.init5)
 *(.init6)
 *(.init6)
 *(.init7)
 *(.init7)
 *(.init8)
 *(.init8)
 *(.init9)
 .init9         0x00000086        0x8 d:/cources/embeded system diploma m.t/downloads interfacing 1/bin/../lib/gcc/avr/4.3.3/../../../../avr/lib/avr5/crtm32.o
 *(.init9)
 *(.text)
 .text          0x0000008e        0x4 d:/cources/embeded system diploma m.t/downloads interfacing 1/bin/../lib/gcc/avr/4.3.3/../../../../avr/lib/avr5/crtm32.o
                0x0000008e                __vector_1
                0x0000008e                __vector_12
                0x0000008e                __bad_interrupt
                0x0000008e                __vector_3
                0x0000008e                __vector_11
                0x0000008e                __vector_13
                0x0000008e                __vector_17
                0x0000008e                __vector_19
                0x0000008e                __vector_7
                0x0000008e                __vector_5
                0x0000008e                __vector_4
                0x0000008e                __vector_9
                0x0000008e                __vector_2
                0x0000008e                __vector_15
                0x0000008e                __vector_8
                0x0000008e                __vector_14
                0x0000008e                __vector_10
                0x0000008e                __vector_16
                0x0000008e                __vector_18
                0x0000008e                __vector_20
 .text          0x00000092        0x0 ./application.o
 .text          0x00000092        0x0 ./lcd.o
 .text          0x00000092        0x0 ./m_gpio.o
 .text          0x00000092        0x0 ./m_icu.o
 .text          0x00000092        0x0 ./ultrasonic.o
 .text          0x00000092        0x0 d:/cources/embeded system diploma m.t/downloads interfacing 1/bin/../lib/gcc/avr/4.3.3/avr5\libgcc.a(_exit.o)
 .text          0x00000092        0x0 d:/cources/embeded system diploma m.t/downloads interfacing 1/bin/../lib/gcc/avr/4.3.3/avr5\libgcc.a(_copy_data.o)
 .text          0x00000092        0x0 d:/cources/embeded system diploma m.t/downloads interfacing 1/bin/../lib/gcc/avr/4.3.3/avr5\libgcc.a(_clear_bss.o)
 .text          0x00000092       0x58 d:/cources/embeded system diploma m.t/downloads interfacing 1/bin/../lib/gcc/avr/4.3.3/avr5\libgcc.a(_fixunssfsi.o)
                0x00000092                __fixunssfsi
 .text          0x000000ea      0x354 d:/cources/embeded system diploma m.t/downloads interfacing 1/bin/../lib/gcc/avr/4.3.3/avr5\libgcc.a(_addsub_sf.o)
                0x00000382                __subsf3
                0x000003e4                __addsf3
 .text          0x0000043e      0x1f4 d:/cources/embeded system diploma m.t/downloads interfacing 1/bin/../lib/gcc/avr/4.3.3/avr5\libgcc.a(_mul_sf.o)
                0x0000043e                __mulsf3
 .text          0x00000632      0x158 d:/cources/embeded system diploma m.t/downloads interfacing 1/bin/../lib/gcc/avr/4.3.3/avr5\libgcc.a(_div_sf.o)
                0x00000632                __divsf3
 .text          0x0000078a       0x60 d:/cources/embeded system diploma m.t/downloads interfacing 1/bin/../lib/gcc/avr/4.3.3/avr5\libgcc.a(_gt_sf.o)
                0x0000078a                __gtsf2
 .text          0x000007ea       0x60 d:/cources/embeded system diploma m.t/downloads interfacing 1/bin/../lib/gcc/avr/4.3.3/avr5\libgcc.a(_ge_sf.o)
                0x000007ea                __gesf2
 .text          0x0000084a       0x60 d:/cources/embeded system diploma m.t/downloads interfacing 1/bin/../lib/gcc/avr/4.3.3/avr5\libgcc.a(_lt_sf.o)
                0x0000084a                __ltsf2
 .text          0x000008aa       0xa8 d:/cources/embeded system diploma m.t/downloads interfacing 1/bin/../lib/gcc/avr/4.3.3/avr5\libgcc.a(_sf_to_si.o)
                0x000008aa                __fixsfsi
 .text          0x00000952        0x0 d:/cources/embeded system diploma m.t/downloads interfacing 1/bin/../lib/gcc/avr/4.3.3/avr5\libgcc.a(_thenan_sf.o)
 .text          0x00000952       0xf2 d:/cources/embeded system diploma m.t/downloads interfacing 1/bin/../lib/gcc/avr/4.3.3/avr5\libgcc.a(_usi_to_sf.o)
                0x00000952                __floatunsisf
 .text          0x00000a44        0x0 d:/cources/embeded system diploma m.t/downloads interfacing 1/bin/../lib/gcc/avr/4.3.3/avr5\libgcc.a(_prologue.o)
 .text          0x00000a44        0x0 d:/cources/embeded system diploma m.t/downloads interfacing 1/bin/../lib/gcc/avr/4.3.3/avr5\libgcc.a(_epilogue.o)
 .text          0x00000a44       0x9e d:/cources/embeded system diploma m.t/downloads interfacing 1/bin/../lib/gcc/avr/4.3.3/avr5\libgcc.a(_clzsi2.o)
                0x00000a44                __clzsi2
 .text          0x00000ae2      0x1aa d:/cources/embeded system diploma m.t/downloads interfacing 1/bin/../lib/gcc/avr/4.3.3/avr5\libgcc.a(_pack_sf.o)
                0x00000ae2                __pack_f
 .text          0x00000c8c       0xf0 d:/cources/embeded system diploma m.t/downloads interfacing 1/bin/../lib/gcc/avr/4.3.3/avr5\libgcc.a(_unpack_sf.o)
                0x00000c8c                __unpack_f
 .text          0x00000d7c       0xb2 d:/cources/embeded system diploma m.t/downloads interfacing 1/bin/../lib/gcc/avr/4.3.3/avr5\libgcc.a(_fpcmp_parts_sf.o)
                0x00000d7c                __fpcmp_parts_f
 .text          0x00000e2e        0x0 d:/cources/embeded system diploma m.t/downloads interfacing 1/bin/../lib/gcc/avr/4.3.3/avr5\libgcc.a(_clz.o)
 .text          0x00000e2e        0x0 d:/cources/embeded system diploma m.t/downloads interfacing 1/bin/../lib/gcc/avr/4.3.3/../../../../avr/lib/avr5\libc.a(itoa.o)
 .text          0x00000e2e        0x0 d:/cources/embeded system diploma m.t/downloads interfacing 1/bin/../lib/gcc/avr/4.3.3/../../../../avr/lib/avr5\libc.a(strrev.o)
 .text          0x00000e2e        0x0 d:/cources/embeded system diploma m.t/downloads interfacing 1/bin/../lib/gcc/avr/4.3.3/avr5\libgcc.a(_udivmodhi4.o)
                0x00000e2e                . = ALIGN (0x2)
 *(.text.*)
 .text.main     0x00000e2e      0x134 ./application.o
                0x00000e2e                main
 .text.LCD_init
                0x00000f62      0x138 ./lcd.o
                0x00000f62                LCD_init
 .text.LCD_sendCommand
                0x0000109a      0x3de ./lcd.o
                0x0000109a                LCD_sendCommand
 .text.LCD_displayCharacter
                0x00001478      0x3de ./lcd.o
                0x00001478                LCD_displayCharacter
 .text.LCD_displayString
                0x00001856       0x52 ./lcd.o
                0x00001856                LCD_displayString
 .text.LCD_moveCursor
                0x000018a8       0x84 ./lcd.o
                0x000018a8                LCD_moveCursor
 .text.LCD_displayStringRowColumn
                0x0000192c       0x32 ./lcd.o
                0x0000192c                LCD_displayStringRowColumn
 .text.LCD_intgerToString
                0x0000195e       0x46 ./lcd.o
                0x0000195e                LCD_intgerToString
 .text.LCD_clearScreen
                0x000019a4       0x14 ./lcd.o
                0x000019a4                LCD_clearScreen
 .text.GPIO_setupPinDirection
                0x000019b8      0x1f4 ./m_gpio.o
                0x000019b8                GPIO_setupPinDirection
 .text.GPIO_writePin
                0x00001bac      0x1f4 ./m_gpio.o
                0x00001bac                GPIO_writePin
 .text.GPIO_readPin
                0x00001da0      0x136 ./m_gpio.o
                0x00001da0                GPIO_readPin
 .text.GPIO_setupPortDirection
                0x00001ed6       0x88 ./m_gpio.o
                0x00001ed6                GPIO_setupPortDirection
 .text.GPIO_writePort
                0x00001f5e       0x88 ./m_gpio.o
                0x00001f5e                GPIO_writePort
 .text.GPIO_readPort
                0x00001fe6       0x8e ./m_gpio.o
                0x00001fe6                GPIO_readPort
 .text.__vector_6
                0x00002074       0x66 ./m_icu.o
                0x00002074                __vector_6
 .text.Icu_init
                0x000020da       0x7e ./m_icu.o
                0x000020da                Icu_init
 .text.Icu_EdgeDetectionType
                0x00002158       0x3e ./m_icu.o
                0x00002158                Icu_EdgeDetectionType
 .text.Icu_getInputCaptureValue
                0x00002196       0x16 ./m_icu.o
                0x00002196                Icu_getInputCaptureValue
 .text.Icu_ClearTime
                0x000021ac       0x16 ./m_icu.o
                0x000021ac                Icu_ClearTime
 .text.Icu_DeInit
                0x000021c2       0x38 ./m_icu.o
                0x000021c2                Icu_DeInit
 .text.Icu_CallBackFunction
                0x000021fa       0x24 ./m_icu.o
                0x000021fa                Icu_CallBackFunction
 .text.Ultrasonic_init
                0x0000221e       0x36 ./ultrasonic.o
                0x0000221e                Ultrasonic_init
 .text.Ultrasonic_Trigger
                0x00002254      0x1b6 ./ultrasonic.o
                0x00002254                Ultrasonic_Trigger
 .text.Ultrasonic_readDistance
                0x0000240a       0x4c ./ultrasonic.o
                0x0000240a                Ultrasonic_readDistance
 .text.Ultrasonic_edgeProcessing
                0x00002456       0x4a ./ultrasonic.o
                0x00002456                Ultrasonic_edgeProcessing
 .text.libgcc   0x000024a0        0x0 d:/cources/embeded system diploma m.t/downloads interfacing 1/bin/../lib/gcc/avr/4.3.3/avr5\libgcc.a(_exit.o)
 .text.libgcc   0x000024a0        0x0 d:/cources/embeded system diploma m.t/downloads interfacing 1/bin/../lib/gcc/avr/4.3.3/avr5\libgcc.a(_copy_data.o)
 .text.libgcc   0x000024a0        0x0 d:/cources/embeded system diploma m.t/downloads interfacing 1/bin/../lib/gcc/avr/4.3.3/avr5\libgcc.a(_clear_bss.o)
 .text.libgcc   0x000024a0       0x38 d:/cources/embeded system diploma m.t/downloads interfacing 1/bin/../lib/gcc/avr/4.3.3/avr5\libgcc.a(_prologue.o)
                0x000024a0                __prologue_saves__
 .text.libgcc   0x000024d8       0x36 d:/cources/embeded system diploma m.t/downloads interfacing 1/bin/../lib/gcc/avr/4.3.3/avr5\libgcc.a(_epilogue.o)
                0x000024d8                __epilogue_restores__
 .text.avr-libc
                0x0000250e       0x42 d:/cources/embeded system diploma m.t/downloads interfacing 1/bin/../lib/gcc/avr/4.3.3/../../../../avr/lib/avr5\libc.a(itoa.o)
                0x0000250e                itoa
 .text.avr-libc
                0x00002550       0x20 d:/cources/embeded system diploma m.t/downloads interfacing 1/bin/../lib/gcc/avr/4.3.3/../../../../avr/lib/avr5\libc.a(strrev.o)
                0x00002550                strrev
 .text.libgcc   0x00002570       0x28 d:/cources/embeded system diploma m.t/downloads interfacing 1/bin/../lib/gcc/avr/4.3.3/avr5\libgcc.a(_udivmodhi4.o)
                0x00002570                __udivmodhi4
                0x00002598                . = ALIGN (0x2)
 *(.fini9)
 .fini9         0x00002598        0x0 d:/cources/embeded system diploma m.t/downloads interfacing 1/bin/../lib/gcc/avr/4.3.3/avr5\libgcc.a(_exit.o)
                0x00002598                exit
                0x00002598                _exit
 *(.fini9)
 *(.fini8)
 *(.fini8)
 *(.fini7)
 *(.fini7)
 *(.fini6)
 *(.fini6)
 *(.fini5)
 *(.fini5)
 *(.fini4)
 *(.fini4)
 *(.fini3)
 *(.fini3)
 *(.fini2)
 *(.fini2)
 *(.fini1)
 *(.fini1)
 *(.fini0)
 .fini0         0x00002598        0x4 d:/cources/embeded system diploma m.t/downloads interfacing 1/bin/../lib/gcc/avr/4.3.3/avr5\libgcc.a(_exit.o)
 *(.fini0)
                0x0000259c                _etext = .

.data           0x00800060      0x11a load address 0x0000259c
                0x00800060                PROVIDE (__data_start, .)
 *(.data)
 .data          0x00800060        0x0 d:/cources/embeded system diploma m.t/downloads interfacing 1/bin/../lib/gcc/avr/4.3.3/../../../../avr/lib/avr5/crtm32.o
 .data          0x00800060       0x11 ./application.o
 .data          0x00800071        0x0 ./lcd.o
 .data          0x00800071        0x0 ./m_gpio.o
 .data          0x00800071        0x0 ./m_icu.o
 .data          0x00800071        0x0 ./ultrasonic.o
 .data          0x00800071        0x0 d:/cources/embeded system diploma m.t/downloads interfacing 1/bin/../lib/gcc/avr/4.3.3/avr5\libgcc.a(_exit.o)
 .data          0x00800071        0x0 d:/cources/embeded system diploma m.t/downloads interfacing 1/bin/../lib/gcc/avr/4.3.3/avr5\libgcc.a(_copy_data.o)
 .data          0x00800071        0x0 d:/cources/embeded system diploma m.t/downloads interfacing 1/bin/../lib/gcc/avr/4.3.3/avr5\libgcc.a(_clear_bss.o)
 .data          0x00800071        0x0 d:/cources/embeded system diploma m.t/downloads interfacing 1/bin/../lib/gcc/avr/4.3.3/avr5\libgcc.a(_fixunssfsi.o)
 .data          0x00800071        0x0 d:/cources/embeded system diploma m.t/downloads interfacing 1/bin/../lib/gcc/avr/4.3.3/avr5\libgcc.a(_addsub_sf.o)
 .data          0x00800071        0x0 d:/cources/embeded system diploma m.t/downloads interfacing 1/bin/../lib/gcc/avr/4.3.3/avr5\libgcc.a(_mul_sf.o)
 .data          0x00800071        0x0 d:/cources/embeded system diploma m.t/downloads interfacing 1/bin/../lib/gcc/avr/4.3.3/avr5\libgcc.a(_div_sf.o)
 .data          0x00800071        0x0 d:/cources/embeded system diploma m.t/downloads interfacing 1/bin/../lib/gcc/avr/4.3.3/avr5\libgcc.a(_gt_sf.o)
 .data          0x00800071        0x0 d:/cources/embeded system diploma m.t/downloads interfacing 1/bin/../lib/gcc/avr/4.3.3/avr5\libgcc.a(_ge_sf.o)
 .data          0x00800071        0x0 d:/cources/embeded system diploma m.t/downloads interfacing 1/bin/../lib/gcc/avr/4.3.3/avr5\libgcc.a(_lt_sf.o)
 .data          0x00800071        0x0 d:/cources/embeded system diploma m.t/downloads interfacing 1/bin/../lib/gcc/avr/4.3.3/avr5\libgcc.a(_sf_to_si.o)
 .data          0x00800071        0x8 d:/cources/embeded system diploma m.t/downloads interfacing 1/bin/../lib/gcc/avr/4.3.3/avr5\libgcc.a(_thenan_sf.o)
                0x00800071                __thenan_sf
 .data          0x00800079        0x0 d:/cources/embeded system diploma m.t/downloads interfacing 1/bin/../lib/gcc/avr/4.3.3/avr5\libgcc.a(_usi_to_sf.o)
 .data          0x00800079        0x0 d:/cources/embeded system diploma m.t/downloads interfacing 1/bin/../lib/gcc/avr/4.3.3/avr5\libgcc.a(_prologue.o)
 .data          0x00800079        0x0 d:/cources/embeded system diploma m.t/downloads interfacing 1/bin/../lib/gcc/avr/4.3.3/avr5\libgcc.a(_epilogue.o)
 .data          0x00800079        0x0 d:/cources/embeded system diploma m.t/downloads interfacing 1/bin/../lib/gcc/avr/4.3.3/avr5\libgcc.a(_clzsi2.o)
 .data          0x00800079        0x0 d:/cources/embeded system diploma m.t/downloads interfacing 1/bin/../lib/gcc/avr/4.3.3/avr5\libgcc.a(_pack_sf.o)
 .data          0x00800079        0x0 d:/cources/embeded system diploma m.t/downloads interfacing 1/bin/../lib/gcc/avr/4.3.3/avr5\libgcc.a(_unpack_sf.o)
 .data          0x00800079        0x0 d:/cources/embeded system diploma m.t/downloads interfacing 1/bin/../lib/gcc/avr/4.3.3/avr5\libgcc.a(_fpcmp_parts_sf.o)
 .data          0x00800079      0x100 d:/cources/embeded system diploma m.t/downloads interfacing 1/bin/../lib/gcc/avr/4.3.3/avr5\libgcc.a(_clz.o)
                0x00800079                __clz_tab
 .data          0x00800179        0x0 d:/cources/embeded system diploma m.t/downloads interfacing 1/bin/../lib/gcc/avr/4.3.3/../../../../avr/lib/avr5\libc.a(itoa.o)
 .data          0x00800179        0x0 d:/cources/embeded system diploma m.t/downloads interfacing 1/bin/../lib/gcc/avr/4.3.3/../../../../avr/lib/avr5\libc.a(strrev.o)
 .data          0x00800179        0x0 d:/cources/embeded system diploma m.t/downloads interfacing 1/bin/../lib/gcc/avr/4.3.3/avr5\libgcc.a(_udivmodhi4.o)
 *(.data*)
 *(.rodata)
 *(.rodata*)
 *(.gnu.linkonce.d*)
                0x0080017a                . = ALIGN (0x2)
 *fill*         0x00800179        0x1 00
                0x0080017a                _edata = .
                0x0080017a                PROVIDE (__data_end, .)

.bss            0x0080017a        0x5
                0x0080017a                PROVIDE (__bss_start, .)
 *(.bss)
 .bss           0x0080017a        0x0 d:/cources/embeded system diploma m.t/downloads interfacing 1/bin/../lib/gcc/avr/4.3.3/../../../../avr/lib/avr5/crtm32.o
 .bss           0x0080017a        0x0 ./application.o
 .bss           0x0080017a        0x0 ./lcd.o
 .bss           0x0080017a        0x0 ./m_gpio.o
 .bss           0x0080017a        0x0 ./m_icu.o
 .bss           0x0080017a        0x0 ./ultrasonic.o
 .bss           0x0080017a        0x0 d:/cources/embeded system diploma m.t/downloads interfacing 1/bin/../lib/gcc/avr/4.3.3/avr5\libgcc.a(_exit.o)
 .bss           0x0080017a        0x0 d:/cources/embeded system diploma m.t/downloads interfacing 1/bin/../lib/gcc/avr/4.3.3/avr5\libgcc.a(_copy_data.o)
 .bss           0x0080017a        0x0 d:/cources/embeded system diploma m.t/downloads interfacing 1/bin/../lib/gcc/avr/4.3.3/avr5\libgcc.a(_clear_bss.o)
 .bss           0x0080017a        0x0 d:/cources/embeded system diploma m.t/downloads interfacing 1/bin/../lib/gcc/avr/4.3.3/avr5\libgcc.a(_fixunssfsi.o)
 .bss           0x0080017a        0x0 d:/cources/embeded system diploma m.t/downloads interfacing 1/bin/../lib/gcc/avr/4.3.3/avr5\libgcc.a(_addsub_sf.o)
 .bss           0x0080017a        0x0 d:/cources/embeded system diploma m.t/downloads interfacing 1/bin/../lib/gcc/avr/4.3.3/avr5\libgcc.a(_mul_sf.o)
 .bss           0x0080017a        0x0 d:/cources/embeded system diploma m.t/downloads interfacing 1/bin/../lib/gcc/avr/4.3.3/avr5\libgcc.a(_div_sf.o)
 .bss           0x0080017a        0x0 d:/cources/embeded system diploma m.t/downloads interfacing 1/bin/../lib/gcc/avr/4.3.3/avr5\libgcc.a(_gt_sf.o)
 .bss           0x0080017a        0x0 d:/cources/embeded system diploma m.t/downloads interfacing 1/bin/../lib/gcc/avr/4.3.3/avr5\libgcc.a(_ge_sf.o)
 .bss           0x0080017a        0x0 d:/cources/embeded system diploma m.t/downloads interfacing 1/bin/../lib/gcc/avr/4.3.3/avr5\libgcc.a(_lt_sf.o)
 .bss           0x0080017a        0x0 d:/cources/embeded system diploma m.t/downloads interfacing 1/bin/../lib/gcc/avr/4.3.3/avr5\libgcc.a(_sf_to_si.o)
 .bss           0x0080017a        0x0 d:/cources/embeded system diploma m.t/downloads interfacing 1/bin/../lib/gcc/avr/4.3.3/avr5\libgcc.a(_thenan_sf.o)
 .bss           0x0080017a        0x0 d:/cources/embeded system diploma m.t/downloads interfacing 1/bin/../lib/gcc/avr/4.3.3/avr5\libgcc.a(_usi_to_sf.o)
 .bss           0x0080017a        0x0 d:/cources/embeded system diploma m.t/downloads interfacing 1/bin/../lib/gcc/avr/4.3.3/avr5\libgcc.a(_prologue.o)
 .bss           0x0080017a        0x0 d:/cources/embeded system diploma m.t/downloads interfacing 1/bin/../lib/gcc/avr/4.3.3/avr5\libgcc.a(_epilogue.o)
 .bss           0x0080017a        0x0 d:/cources/embeded system diploma m.t/downloads interfacing 1/bin/../lib/gcc/avr/4.3.3/avr5\libgcc.a(_clzsi2.o)
 .bss           0x0080017a        0x0 d:/cources/embeded system diploma m.t/downloads interfacing 1/bin/../lib/gcc/avr/4.3.3/avr5\libgcc.a(_pack_sf.o)
 .bss           0x0080017a        0x0 d:/cources/embeded system diploma m.t/downloads interfacing 1/bin/../lib/gcc/avr/4.3.3/avr5\libgcc.a(_unpack_sf.o)
 .bss           0x0080017a        0x0 d:/cources/embeded system diploma m.t/downloads interfacing 1/bin/../lib/gcc/avr/4.3.3/avr5\libgcc.a(_fpcmp_parts_sf.o)
 .bss           0x0080017a        0x0 d:/cources/embeded system diploma m.t/downloads interfacing 1/bin/../lib/gcc/avr/4.3.3/avr5\libgcc.a(_clz.o)
 .bss           0x0080017a        0x0 d:/cources/embeded system diploma m.t/downloads interfacing 1/bin/../lib/gcc/avr/4.3.3/../../../../avr/lib/avr5\libc.a(itoa.o)
 .bss           0x0080017a        0x0 d:/cources/embeded system diploma m.t/downloads interfacing 1/bin/../lib/gcc/avr/4.3.3/../../../../avr/lib/avr5\libc.a(strrev.o)
 .bss           0x0080017a        0x0 d:/cources/embeded system diploma m.t/downloads interfacing 1/bin/../lib/gcc/avr/4.3.3/avr5\libgcc.a(_udivmodhi4.o)
 *(.bss*)
 .bss.g_ptr2func
                0x0080017a        0x2 ./m_icu.o
 .bss.g_time    0x0080017c        0x2 ./ultrasonic.o
 .bss.g_count.1363
                0x0080017e        0x1 ./ultrasonic.o
 *(COMMON)
                0x0080017f                PROVIDE (__bss_end, .)
                0x0000259c                __data_load_start = LOADADDR (.data)
                0x000026b6                __data_load_end = (__data_load_start + SIZEOF (.data))

.noinit         0x0080017f        0x0
                0x0080017f                PROVIDE (__noinit_start, .)
 *(.noinit*)
                0x0080017f                PROVIDE (__noinit_end, .)
                0x0080017f                _end = .
                0x0080017f                PROVIDE (__heap_start, .)

.eeprom         0x00810000        0x0
 *(.eeprom*)
                0x00810000                __eeprom_end = .

.fuse
 *(.fuse)
 *(.lfuse)
 *(.hfuse)
 *(.efuse)

.lock
 *(.lock*)

.signature
 *(.signature*)

.stab           0x00000000     0x1dac
 *(.stab)
 .stab          0x00000000      0x4c8 ./application.o
 .stab          0x000004c8      0xb10 ./lcd.o
                                0xd38 (size before relaxing)
 .stab          0x00000fd8      0x660 ./m_gpio.o
                                0x8e8 (size before relaxing)
 .stab          0x00001638      0x36c ./m_icu.o
                                0x5f4 (size before relaxing)
 .stab          0x000019a4      0x408 ./ultrasonic.o
                                0x6b4 (size before relaxing)

.stabstr        0x00000000      0xf28
 *(.stabstr)
 .stabstr       0x00000000      0xf28 ./application.o

.stab.excl
 *(.stab.excl)

.stab.exclstr
 *(.stab.exclstr)

.stab.index
 *(.stab.index)

.stab.indexstr
 *(.stab.indexstr)

.comment
 *(.comment)

.debug
 *(.debug)

.line
 *(.line)

.debug_srcinfo
 *(.debug_srcinfo)

.debug_sfnames
 *(.debug_sfnames)

.debug_aranges  0x00000000      0x1a0
 *(.debug_aranges)
 .debug_aranges
                0x00000000       0x20 d:/cources/embeded system diploma m.t/downloads interfacing 1/bin/../lib/gcc/avr/4.3.3/avr5\libgcc.a(_fixunssfsi.o)
 .debug_aranges
                0x00000020       0x20 d:/cources/embeded system diploma m.t/downloads interfacing 1/bin/../lib/gcc/avr/4.3.3/avr5\libgcc.a(_addsub_sf.o)
 .debug_aranges
                0x00000040       0x20 d:/cources/embeded system diploma m.t/downloads interfacing 1/bin/../lib/gcc/avr/4.3.3/avr5\libgcc.a(_mul_sf.o)
 .debug_aranges
                0x00000060       0x20 d:/cources/embeded system diploma m.t/downloads interfacing 1/bin/../lib/gcc/avr/4.3.3/avr5\libgcc.a(_div_sf.o)
 .debug_aranges
                0x00000080       0x20 d:/cources/embeded system diploma m.t/downloads interfacing 1/bin/../lib/gcc/avr/4.3.3/avr5\libgcc.a(_gt_sf.o)
 .debug_aranges
                0x000000a0       0x20 d:/cources/embeded system diploma m.t/downloads interfacing 1/bin/../lib/gcc/avr/4.3.3/avr5\libgcc.a(_ge_sf.o)
 .debug_aranges
                0x000000c0       0x20 d:/cources/embeded system diploma m.t/downloads interfacing 1/bin/../lib/gcc/avr/4.3.3/avr5\libgcc.a(_lt_sf.o)
 .debug_aranges
                0x000000e0       0x20 d:/cources/embeded system diploma m.t/downloads interfacing 1/bin/../lib/gcc/avr/4.3.3/avr5\libgcc.a(_sf_to_si.o)
 .debug_aranges
                0x00000100       0x20 d:/cources/embeded system diploma m.t/downloads interfacing 1/bin/../lib/gcc/avr/4.3.3/avr5\libgcc.a(_usi_to_sf.o)
 .debug_aranges
                0x00000120       0x20 d:/cources/embeded system diploma m.t/downloads interfacing 1/bin/../lib/gcc/avr/4.3.3/avr5\libgcc.a(_clzsi2.o)
 .debug_aranges
                0x00000140       0x20 d:/cources/embeded system diploma m.t/downloads interfacing 1/bin/../lib/gcc/avr/4.3.3/avr5\libgcc.a(_pack_sf.o)
 .debug_aranges
                0x00000160       0x20 d:/cources/embeded system diploma m.t/downloads interfacing 1/bin/../lib/gcc/avr/4.3.3/avr5\libgcc.a(_unpack_sf.o)
 .debug_aranges
                0x00000180       0x20 d:/cources/embeded system diploma m.t/downloads interfacing 1/bin/../lib/gcc/avr/4.3.3/avr5\libgcc.a(_fpcmp_parts_sf.o)

.debug_pubnames
                0x00000000      0x1f2
 *(.debug_pubnames)
 .debug_pubnames
                0x00000000       0x23 d:/cources/embeded system diploma m.t/downloads interfacing 1/bin/../lib/gcc/avr/4.3.3/avr5\libgcc.a(_fixunssfsi.o)
 .debug_pubnames
                0x00000023       0x2c d:/cources/embeded system diploma m.t/downloads interfacing 1/bin/../lib/gcc/avr/4.3.3/avr5\libgcc.a(_addsub_sf.o)
 .debug_pubnames
                0x0000004f       0x1f d:/cources/embeded system diploma m.t/downloads interfacing 1/bin/../lib/gcc/avr/4.3.3/avr5\libgcc.a(_mul_sf.o)
 .debug_pubnames
                0x0000006e       0x1f d:/cources/embeded system diploma m.t/downloads interfacing 1/bin/../lib/gcc/avr/4.3.3/avr5\libgcc.a(_div_sf.o)
 .debug_pubnames
                0x0000008d       0x1e d:/cources/embeded system diploma m.t/downloads interfacing 1/bin/../lib/gcc/avr/4.3.3/avr5\libgcc.a(_gt_sf.o)
 .debug_pubnames
                0x000000ab       0x1e d:/cources/embeded system diploma m.t/downloads interfacing 1/bin/../lib/gcc/avr/4.3.3/avr5\libgcc.a(_ge_sf.o)
 .debug_pubnames
                0x000000c9       0x1e d:/cources/embeded system diploma m.t/downloads interfacing 1/bin/../lib/gcc/avr/4.3.3/avr5\libgcc.a(_lt_sf.o)
 .debug_pubnames
                0x000000e7       0x20 d:/cources/embeded system diploma m.t/downloads interfacing 1/bin/../lib/gcc/avr/4.3.3/avr5\libgcc.a(_sf_to_si.o)
 .debug_pubnames
                0x00000107       0x22 d:/cources/embeded system diploma m.t/downloads interfacing 1/bin/../lib/gcc/avr/4.3.3/avr5\libgcc.a(_thenan_sf.o)
 .debug_pubnames
                0x00000129       0x24 d:/cources/embeded system diploma m.t/downloads interfacing 1/bin/../lib/gcc/avr/4.3.3/avr5\libgcc.a(_usi_to_sf.o)
 .debug_pubnames
                0x0000014d       0x1f d:/cources/embeded system diploma m.t/downloads interfacing 1/bin/../lib/gcc/avr/4.3.3/avr5\libgcc.a(_clzsi2.o)
 .debug_pubnames
                0x0000016c       0x1f d:/cources/embeded system diploma m.t/downloads interfacing 1/bin/../lib/gcc/avr/4.3.3/avr5\libgcc.a(_pack_sf.o)
 .debug_pubnames
                0x0000018b       0x21 d:/cources/embeded system diploma m.t/downloads interfacing 1/bin/../lib/gcc/avr/4.3.3/avr5\libgcc.a(_unpack_sf.o)
 .debug_pubnames
                0x000001ac       0x26 d:/cources/embeded system diploma m.t/downloads interfacing 1/bin/../lib/gcc/avr/4.3.3/avr5\libgcc.a(_fpcmp_parts_sf.o)
 .debug_pubnames
                0x000001d2       0x20 d:/cources/embeded system diploma m.t/downloads interfacing 1/bin/../lib/gcc/avr/4.3.3/avr5\libgcc.a(_clz.o)

.debug_info     0x00000000     0x240b
 *(.debug_info)
 .debug_info    0x00000000       0xb1 d:/cources/embeded system diploma m.t/downloads interfacing 1/bin/../lib/gcc/avr/4.3.3/avr5\libgcc.a(_fixunssfsi.o)
 .debug_info    0x000000b1      0x47a d:/cources/embeded system diploma m.t/downloads interfacing 1/bin/../lib/gcc/avr/4.3.3/avr5\libgcc.a(_addsub_sf.o)
 .debug_info    0x0000052b      0x485 d:/cources/embeded system diploma m.t/downloads interfacing 1/bin/../lib/gcc/avr/4.3.3/avr5\libgcc.a(_mul_sf.o)
 .debug_info    0x000009b0      0x3fc d:/cources/embeded system diploma m.t/downloads interfacing 1/bin/../lib/gcc/avr/4.3.3/avr5\libgcc.a(_div_sf.o)
 .debug_info    0x00000dac      0x27f d:/cources/embeded system diploma m.t/downloads interfacing 1/bin/../lib/gcc/avr/4.3.3/avr5\libgcc.a(_gt_sf.o)
 .debug_info    0x0000102b      0x27f d:/cources/embeded system diploma m.t/downloads interfacing 1/bin/../lib/gcc/avr/4.3.3/avr5\libgcc.a(_ge_sf.o)
 .debug_info    0x000012aa      0x27f d:/cources/embeded system diploma m.t/downloads interfacing 1/bin/../lib/gcc/avr/4.3.3/avr5\libgcc.a(_lt_sf.o)
 .debug_info    0x00001529      0x2b0 d:/cources/embeded system diploma m.t/downloads interfacing 1/bin/../lib/gcc/avr/4.3.3/avr5\libgcc.a(_sf_to_si.o)
 .debug_info    0x000017d9      0x12c d:/cources/embeded system diploma m.t/downloads interfacing 1/bin/../lib/gcc/avr/4.3.3/avr5\libgcc.a(_thenan_sf.o)
 .debug_info    0x00001905      0x206 d:/cources/embeded system diploma m.t/downloads interfacing 1/bin/../lib/gcc/avr/4.3.3/avr5\libgcc.a(_usi_to_sf.o)
 .debug_info    0x00001b0b      0x117 d:/cources/embeded system diploma m.t/downloads interfacing 1/bin/../lib/gcc/avr/4.3.3/avr5\libgcc.a(_clzsi2.o)
 .debug_info    0x00001c22      0x2df d:/cources/embeded system diploma m.t/downloads interfacing 1/bin/../lib/gcc/avr/4.3.3/avr5\libgcc.a(_pack_sf.o)
 .debug_info    0x00001f01      0x251 d:/cources/embeded system diploma m.t/downloads interfacing 1/bin/../lib/gcc/avr/4.3.3/avr5\libgcc.a(_unpack_sf.o)
 .debug_info    0x00002152      0x210 d:/cources/embeded system diploma m.t/downloads interfacing 1/bin/../lib/gcc/avr/4.3.3/avr5\libgcc.a(_fpcmp_parts_sf.o)
 .debug_info    0x00002362       0xa9 d:/cources/embeded system diploma m.t/downloads interfacing 1/bin/../lib/gcc/avr/4.3.3/avr5\libgcc.a(_clz.o)
 *(.gnu.linkonce.wi.*)

.debug_abbrev   0x00000000     0x1386
 *(.debug_abbrev)
 .debug_abbrev  0x00000000       0x5d d:/cources/embeded system diploma m.t/downloads interfacing 1/bin/../lib/gcc/avr/4.3.3/avr5\libgcc.a(_fixunssfsi.o)
 .debug_abbrev  0x0000005d      0x1ea d:/cources/embeded system diploma m.t/downloads interfacing 1/bin/../lib/gcc/avr/4.3.3/avr5\libgcc.a(_addsub_sf.o)
 .debug_abbrev  0x00000247      0x21b d:/cources/embeded system diploma m.t/downloads interfacing 1/bin/../lib/gcc/avr/4.3.3/avr5\libgcc.a(_mul_sf.o)
 .debug_abbrev  0x00000462      0x216 d:/cources/embeded system diploma m.t/downloads interfacing 1/bin/../lib/gcc/avr/4.3.3/avr5\libgcc.a(_div_sf.o)
 .debug_abbrev  0x00000678      0x15a d:/cources/embeded system diploma m.t/downloads interfacing 1/bin/../lib/gcc/avr/4.3.3/avr5\libgcc.a(_gt_sf.o)
 .debug_abbrev  0x000007d2      0x15a d:/cources/embeded system diploma m.t/downloads interfacing 1/bin/../lib/gcc/avr/4.3.3/avr5\libgcc.a(_ge_sf.o)
 .debug_abbrev  0x0000092c      0x15a d:/cources/embeded system diploma m.t/downloads interfacing 1/bin/../lib/gcc/avr/4.3.3/avr5\libgcc.a(_lt_sf.o)
 .debug_abbrev  0x00000a86      0x17f d:/cources/embeded system diploma m.t/downloads interfacing 1/bin/../lib/gcc/avr/4.3.3/avr5\libgcc.a(_sf_to_si.o)
 .debug_abbrev  0x00000c05       0xad d:/cources/embeded system diploma m.t/downloads interfacing 1/bin/../lib/gcc/avr/4.3.3/avr5\libgcc.a(_thenan_sf.o)
 .debug_abbrev  0x00000cb2      0x157 d:/cources/embeded system diploma m.t/downloads interfacing 1/bin/../lib/gcc/avr/4.3.3/avr5\libgcc.a(_usi_to_sf.o)
 .debug_abbrev  0x00000e09       0xc4 d:/cources/embeded system diploma m.t/downloads interfacing 1/bin/../lib/gcc/avr/4.3.3/avr5\libgcc.a(_clzsi2.o)
 .debug_abbrev  0x00000ecd      0x1c0 d:/cources/embeded system diploma m.t/downloads interfacing 1/bin/../lib/gcc/avr/4.3.3/avr5\libgcc.a(_pack_sf.o)
 .debug_abbrev  0x0000108d      0x154 d:/cources/embeded system diploma m.t/downloads interfacing 1/bin/../lib/gcc/avr/4.3.3/avr5\libgcc.a(_unpack_sf.o)
 .debug_abbrev  0x000011e1      0x13b d:/cources/embeded system diploma m.t/downloads interfacing 1/bin/../lib/gcc/avr/4.3.3/avr5\libgcc.a(_fpcmp_parts_sf.o)
 .debug_abbrev  0x0000131c       0x6a d:/cources/embeded system diploma m.t/downloads interfacing 1/bin/../lib/gcc/avr/4.3.3/avr5\libgcc.a(_clz.o)

.debug_line     0x00000000     0x11d6
 *(.debug_line)
 .debug_line    0x00000000       0xa7 d:/cources/embeded system diploma m.t/downloads interfacing 1/bin/../lib/gcc/avr/4.3.3/avr5\libgcc.a(_fixunssfsi.o)
 .debug_line    0x000000a7      0x2af d:/cources/embeded system diploma m.t/downloads interfacing 1/bin/../lib/gcc/avr/4.3.3/avr5\libgcc.a(_addsub_sf.o)
 .debug_line    0x00000356      0x239 d:/cources/embeded system diploma m.t/downloads interfacing 1/bin/../lib/gcc/avr/4.3.3/avr5\libgcc.a(_mul_sf.o)
 .debug_line    0x0000058f      0x1d5 d:/cources/embeded system diploma m.t/downloads interfacing 1/bin/../lib/gcc/avr/4.3.3/avr5\libgcc.a(_div_sf.o)
 .debug_line    0x00000764       0xd3 d:/cources/embeded system diploma m.t/downloads interfacing 1/bin/../lib/gcc/avr/4.3.3/avr5\libgcc.a(_gt_sf.o)
 .debug_line    0x00000837       0xd3 d:/cources/embeded system diploma m.t/downloads interfacing 1/bin/../lib/gcc/avr/4.3.3/avr5\libgcc.a(_ge_sf.o)
 .debug_line    0x0000090a       0xd3 d:/cources/embeded system diploma m.t/downloads interfacing 1/bin/../lib/gcc/avr/4.3.3/avr5\libgcc.a(_lt_sf.o)
 .debug_line    0x000009dd      0x109 d:/cources/embeded system diploma m.t/downloads interfacing 1/bin/../lib/gcc/avr/4.3.3/avr5\libgcc.a(_sf_to_si.o)
 .debug_line    0x00000ae6       0x90 d:/cources/embeded system diploma m.t/downloads interfacing 1/bin/../lib/gcc/avr/4.3.3/avr5\libgcc.a(_thenan_sf.o)
 .debug_line    0x00000b76      0x133 d:/cources/embeded system diploma m.t/downloads interfacing 1/bin/../lib/gcc/avr/4.3.3/avr5\libgcc.a(_usi_to_sf.o)
 .debug_line    0x00000ca9       0xa5 d:/cources/embeded system diploma m.t/downloads interfacing 1/bin/../lib/gcc/avr/4.3.3/avr5\libgcc.a(_clzsi2.o)
 .debug_line    0x00000d4e      0x18a d:/cources/embeded system diploma m.t/downloads interfacing 1/bin/../lib/gcc/avr/4.3.3/avr5\libgcc.a(_pack_sf.o)
 .debug_line    0x00000ed8      0x14b d:/cources/embeded system diploma m.t/downloads interfacing 1/bin/../lib/gcc/avr/4.3.3/avr5\libgcc.a(_unpack_sf.o)
 .debug_line    0x00001023      0x137 d:/cources/embeded system diploma m.t/downloads interfacing 1/bin/../lib/gcc/avr/4.3.3/avr5\libgcc.a(_fpcmp_parts_sf.o)
 .debug_line    0x0000115a       0x7c d:/cources/embeded system diploma m.t/downloads interfacing 1/bin/../lib/gcc/avr/4.3.3/avr5\libgcc.a(_clz.o)

.debug_frame    0x00000000      0x1c0
 *(.debug_frame)
 .debug_frame   0x00000000       0x20 d:/cources/embeded system diploma m.t/downloads interfacing 1/bin/../lib/gcc/avr/4.3.3/avr5\libgcc.a(_fixunssfsi.o)
 .debug_frame   0x00000020       0x40 d:/cources/embeded system diploma m.t/downloads interfacing 1/bin/../lib/gcc/avr/4.3.3/avr5\libgcc.a(_addsub_sf.o)
 .debug_frame   0x00000060       0x20 d:/cources/embeded system diploma m.t/downloads interfacing 1/bin/../lib/gcc/avr/4.3.3/avr5\libgcc.a(_mul_sf.o)
 .debug_frame   0x00000080       0x20 d:/cources/embeded system diploma m.t/downloads interfacing 1/bin/../lib/gcc/avr/4.3.3/avr5\libgcc.a(_div_sf.o)
 .debug_frame   0x000000a0       0x20 d:/cources/embeded system diploma m.t/downloads interfacing 1/bin/../lib/gcc/avr/4.3.3/avr5\libgcc.a(_gt_sf.o)
 .debug_frame   0x000000c0       0x20 d:/cources/embeded system diploma m.t/downloads interfacing 1/bin/../lib/gcc/avr/4.3.3/avr5\libgcc.a(_ge_sf.o)
 .debug_frame   0x000000e0       0x20 d:/cources/embeded system diploma m.t/downloads interfacing 1/bin/../lib/gcc/avr/4.3.3/avr5\libgcc.a(_lt_sf.o)
 .debug_frame   0x00000100       0x20 d:/cources/embeded system diploma m.t/downloads interfacing 1/bin/../lib/gcc/avr/4.3.3/avr5\libgcc.a(_sf_to_si.o)
 .debug_frame   0x00000120       0x20 d:/cources/embeded system diploma m.t/downloads interfacing 1/bin/../lib/gcc/avr/4.3.3/avr5\libgcc.a(_usi_to_sf.o)
 .debug_frame   0x00000140       0x20 d:/cources/embeded system diploma m.t/downloads interfacing 1/bin/../lib/gcc/avr/4.3.3/avr5\libgcc.a(_clzsi2.o)
 .debug_frame   0x00000160       0x20 d:/cources/embeded system diploma m.t/downloads interfacing 1/bin/../lib/gcc/avr/4.3.3/avr5\libgcc.a(_pack_sf.o)
 .debug_frame   0x00000180       0x20 d:/cources/embeded system diploma m.t/downloads interfacing 1/bin/../lib/gcc/avr/4.3.3/avr5\libgcc.a(_unpack_sf.o)
 .debug_frame   0x000001a0       0x20 d:/cources/embeded system diploma m.t/downloads interfacing 1/bin/../lib/gcc/avr/4.3.3/avr5\libgcc.a(_fpcmp_parts_sf.o)

.debug_str      0x00000000      0x2f6
 *(.debug_str)
 .debug_str     0x00000000       0xbf d:/cources/embeded system diploma m.t/downloads interfacing 1/bin/../lib/gcc/avr/4.3.3/avr5\libgcc.a(_fixunssfsi.o)
                                 0xfe (size before relaxing)
 .debug_str     0x000000bf      0x14d d:/cources/embeded system diploma m.t/downloads interfacing 1/bin/../lib/gcc/avr/4.3.3/avr5\libgcc.a(_addsub_sf.o)
                                0x206 (size before relaxing)
 .debug_str     0x0000020c       0x27 d:/cources/embeded system diploma m.t/downloads interfacing 1/bin/../lib/gcc/avr/4.3.3/avr5\libgcc.a(_mul_sf.o)
                                0x1bf (size before relaxing)
 .debug_str     0x00000233       0x35 d:/cources/embeded system diploma m.t/downloads interfacing 1/bin/../lib/gcc/avr/4.3.3/avr5\libgcc.a(_div_sf.o)
                                0x1c8 (size before relaxing)
 .debug_str     0x00000268        0x8 d:/cources/embeded system diploma m.t/downloads interfacing 1/bin/../lib/gcc/avr/4.3.3/avr5\libgcc.a(_gt_sf.o)
                                0x195 (size before relaxing)
 .debug_str     0x00000270        0x8 d:/cources/embeded system diploma m.t/downloads interfacing 1/bin/../lib/gcc/avr/4.3.3/avr5\libgcc.a(_ge_sf.o)
                                0x195 (size before relaxing)
 .debug_str     0x00000278        0x8 d:/cources/embeded system diploma m.t/downloads interfacing 1/bin/../lib/gcc/avr/4.3.3/avr5\libgcc.a(_lt_sf.o)
                                0x195 (size before relaxing)
 .debug_str     0x00000280        0xa d:/cources/embeded system diploma m.t/downloads interfacing 1/bin/../lib/gcc/avr/4.3.3/avr5\libgcc.a(_sf_to_si.o)
                                0x19e (size before relaxing)
 .debug_str     0x00000000      0x103 d:/cources/embeded system diploma m.t/downloads interfacing 1/bin/../lib/gcc/avr/4.3.3/avr5\libgcc.a(_thenan_sf.o)
 .debug_str     0x0000028a       0x21 d:/cources/embeded system diploma m.t/downloads interfacing 1/bin/../lib/gcc/avr/4.3.3/avr5\libgcc.a(_usi_to_sf.o)
                                0x177 (size before relaxing)
 .debug_str     0x000002ab       0x20 d:/cources/embeded system diploma m.t/downloads interfacing 1/bin/../lib/gcc/avr/4.3.3/avr5\libgcc.a(_clzsi2.o)
                                0x111 (size before relaxing)
 .debug_str     0x000002cb       0x10 d:/cources/embeded system diploma m.t/downloads interfacing 1/bin/../lib/gcc/avr/4.3.3/avr5\libgcc.a(_pack_sf.o)
                                0x19d (size before relaxing)
 .debug_str     0x000002db        0xb d:/cources/embeded system diploma m.t/downloads interfacing 1/bin/../lib/gcc/avr/4.3.3/avr5\libgcc.a(_unpack_sf.o)
                                0x17f (size before relaxing)
 .debug_str     0x000002e6       0x10 d:/cources/embeded system diploma m.t/downloads interfacing 1/bin/../lib/gcc/avr/4.3.3/avr5\libgcc.a(_fpcmp_parts_sf.o)
                                0x163 (size before relaxing)
 .debug_str     0x00000000       0xf4 d:/cources/embeded system diploma m.t/downloads interfacing 1/bin/../lib/gcc/avr/4.3.3/avr5\libgcc.a(_clz.o)

.debug_loc      0x00000000      0x96e
 *(.debug_loc)
 .debug_loc     0x00000000       0x34 d:/cources/embeded system diploma m.t/downloads interfacing 1/bin/../lib/gcc/avr/4.3.3/avr5\libgcc.a(_fixunssfsi.o)
 .debug_loc     0x00000034      0x32a d:/cources/embeded system diploma m.t/downloads interfacing 1/bin/../lib/gcc/avr/4.3.3/avr5\libgcc.a(_addsub_sf.o)
 .debug_loc     0x0000035e      0x104 d:/cources/embeded system diploma m.t/downloads interfacing 1/bin/../lib/gcc/avr/4.3.3/avr5\libgcc.a(_mul_sf.o)
 .debug_loc     0x00000462       0xc0 d:/cources/embeded system diploma m.t/downloads interfacing 1/bin/../lib/gcc/avr/4.3.3/avr5\libgcc.a(_div_sf.o)
 .debug_loc     0x00000522       0x3c d:/cources/embeded system diploma m.t/downloads interfacing 1/bin/../lib/gcc/avr/4.3.3/avr5\libgcc.a(_gt_sf.o)
 .debug_loc     0x0000055e       0x3c d:/cources/embeded system diploma m.t/downloads interfacing 1/bin/../lib/gcc/avr/4.3.3/avr5\libgcc.a(_ge_sf.o)
 .debug_loc     0x0000059a       0x3c d:/cources/embeded system diploma m.t/downloads interfacing 1/bin/../lib/gcc/avr/4.3.3/avr5\libgcc.a(_lt_sf.o)
 .debug_loc     0x000005d6       0x7e d:/cources/embeded system diploma m.t/downloads interfacing 1/bin/../lib/gcc/avr/4.3.3/avr5\libgcc.a(_sf_to_si.o)
 .debug_loc     0x00000654       0x4c d:/cources/embeded system diploma m.t/downloads interfacing 1/bin/../lib/gcc/avr/4.3.3/avr5\libgcc.a(_usi_to_sf.o)
 .debug_loc     0x000006a0       0x94 d:/cources/embeded system diploma m.t/downloads interfacing 1/bin/../lib/gcc/avr/4.3.3/avr5\libgcc.a(_clzsi2.o)
 .debug_loc     0x00000734      0x13e d:/cources/embeded system diploma m.t/downloads interfacing 1/bin/../lib/gcc/avr/4.3.3/avr5\libgcc.a(_pack_sf.o)
 .debug_loc     0x00000872       0xac d:/cources/embeded system diploma m.t/downloads interfacing 1/bin/../lib/gcc/avr/4.3.3/avr5\libgcc.a(_unpack_sf.o)
 .debug_loc     0x0000091e       0x50 d:/cources/embeded system diploma m.t/downloads interfacing 1/bin/../lib/gcc/avr/4.3.3/avr5\libgcc.a(_fpcmp_parts_sf.o)

.debug_macinfo
 *(.debug_macinfo)
OUTPUT(project4_kafafy.elf elf32-avr)
LOAD linker stubs

.debug_ranges   0x00000000       0x50
 .debug_ranges  0x00000000       0x50 d:/cources/embeded system diploma m.t/downloads interfacing 1/bin/../lib/gcc/avr/4.3.3/avr5\libgcc.a(_mul_sf.o)
